[+] Containers:
 |- [+] Container: /Game/UILevelTest/MainMenu
 |   |- [+] ActorDescs:
 |   |   |- Guid:0EA9BBF64B76F4F25D74AD8920AA1082 BaseClass: NativeClass:/Script/Landscape.LandscapeStreamingProxy Name:LandscapeStreamingProxy_D7T4VF4LBP34PHV9XOEVM5TIG_1_1_3_0 Label:LandscapeStreamingProxy_1_3_0 SpatiallyLoaded:1 Bounds:IsValid=true, Min=(X=-75600.000 Y=-25200.000 Z=17.188), Max=(X=-50400.000 Y=0.000 Z=6477.344) RuntimeGrid:None EditorOnly:0 RuntimeOnly:0 HLODRelevant:1 ListedInSceneOutliner:1 IsMainWorldOnly:0
 |   |   |- Guid:0EF4E05E4D969183BEBCD7AD7DD25C67 BaseClass: NativeClass:/Script/Landscape.LandscapeStreamingProxy Name:LandscapeStreamingProxy_D7T4VF4LBP34PHV9XOEVM5TIG_1_3_5_0 Label:LandscapeStreamingProxy_3_5_0 SpatiallyLoaded:1 Bounds:IsValid=true, Min=(X=-25200.000 Y=25200.000 Z=-0.781), Max=(X=0.000 Y=50400.000 Z=1284.375) RuntimeGrid:None EditorOnly:0 RuntimeOnly:0 HLODRelevant:1 ListedInSceneOutliner:1 IsMainWorldOnly:0
 |   |   |- Guid:0F80C3FB4460F3748A5662AED1CBD8DC BaseClass: NativeClass:/Script/Landscape.LandscapeStreamingProxy Name:LandscapeStreamingProxy_D7T4VF4LBP34PHV9XOEVM5TIG_1_4_7_0 Label:LandscapeStreamingProxy_4_7_0 SpatiallyLoaded:1 Bounds:IsValid=true, Min=(X=0.000 Y=75600.000 Z=2080.469), Max=(X=25200.000 Y=100800.000 Z=6055.469) RuntimeGrid:None EditorOnly:0 RuntimeOnly:0 HLODRelevant:1 ListedInSceneOutliner:1 IsMainWorldOnly:0
 |   |   |- Guid:1B9BD1124D955AF7EA4DF89D281C8286 BaseClass: NativeClass:/Script/Landscape.LandscapeStreamingProxy Name:LandscapeStreamingProxy_D7T4VF4LBP34PHV9XOEVM5TIG_1_3_4_0 Label:LandscapeStreamingProxy_3_4_0 SpatiallyLoaded:1 Bounds:IsValid=true, Min=(X=-25200.000 Y=0.000 Z=-100.000), Max=(X=0.000 Y=25200.000 Z=443.750) RuntimeGrid:None EditorOnly:0 RuntimeOnly:0 HLODRelevant:1 ListedInSceneOutliner:1 IsMainWorldOnly:0
 |   |   |- Guid:1F7F0CA54401E79F711326BFE71441F7 BaseClass: NativeClass:/Script/Landscape.LandscapeStreamingProxy Name:LandscapeStreamingProxy_D7T4VF4LBP34PHV9XOEVM5TIG_1_2_4_0 Label:LandscapeStreamingProxy_2_4_0 SpatiallyLoaded:1 Bounds:IsValid=true, Min=(X=-50400.000 Y=0.000 Z=0.000), Max=(X=-25200.000 Y=25200.000 Z=164.844) RuntimeGrid:None EditorOnly:0 RuntimeOnly:0 HLODRelevant:1 ListedInSceneOutliner:1 IsMainWorldOnly:0
 |   |   |- Guid:243DD66349BFE0EC256162888F115948 BaseClass: NativeClass:/Script/Landscape.LandscapeStreamingProxy Name:LandscapeStreamingProxy_D7T4VF4LBP34PHV9XOEVM5TIG_1_5_5_0 Label:LandscapeStreamingProxy_5_5_0 SpatiallyLoaded:1 Bounds:IsValid=true, Min=(X=25200.000 Y=25200.000 Z=0.000), Max=(X=50400.000 Y=50400.000 Z=5888.281) RuntimeGrid:None EditorOnly:0 RuntimeOnly:0 HLODRelevant:1 ListedInSceneOutliner:1 IsMainWorldOnly:0
 |   |   |- Guid:247B45E741D0240C4EE9F5996269CF4F BaseClass: NativeClass:/Script/Landscape.LandscapeStreamingProxy Name:LandscapeStreamingProxy_D7T4VF4LBP34PHV9XOEVM5TIG_1_0_1_0 Label:LandscapeStreamingProxy_0_1_0 SpatiallyLoaded:1 Bounds:IsValid=true, Min=(X=-100800.000 Y=-75600.000 Z=5449.219), Max=(X=-75600.000 Y=-50400.000 Z=8761.719) RuntimeGrid:None EditorOnly:0 RuntimeOnly:0 HLODRelevant:1 ListedInSceneOutliner:1 IsMainWorldOnly:0
 |   |   |- Guid:2B403B844348D87DABBDA88334B3F48A BaseClass: NativeClass:/Script/Landscape.LandscapeStreamingProxy Name:LandscapeStreamingProxy_D7T4VF4LBP34PHV9XOEVM5TIG_1_3_7_0 Label:LandscapeStreamingProxy_3_7_0 SpatiallyLoaded:1 Bounds:IsValid=true, Min=(X=-25200.000 Y=75600.000 Z=3127.344), Max=(X=0.000 Y=100800.000 Z=10647.656) RuntimeGrid:None EditorOnly:0 RuntimeOnly:0 HLODRelevant:1 ListedInSceneOutliner:1 IsMainWorldOnly:0
 |   |   |- Guid:35B25F83487CC913D25588B3B0CD9B0B BaseClass: NativeClass:/Script/Landscape.LandscapeStreamingProxy Name:LandscapeStreamingProxy_D7T4VF4LBP34PHV9XOEVM5TIG_1_4_6_0 Label:LandscapeStreamingProxy_4_6_0 SpatiallyLoaded:1 Bounds:IsValid=true, Min=(X=0.000 Y=50400.000 Z=100.000), Max=(X=25200.000 Y=75600.000 Z=3294.531) RuntimeGrid:None EditorOnly:0 RuntimeOnly:0 HLODRelevant:1 ListedInSceneOutliner:1 IsMainWorldOnly:0
 |   |   |- Guid:398AE47444504A3BFB8670ABFADB55EC BaseClass: NativeClass:/Script/Landscape.LandscapeStreamingProxy Name:LandscapeStreamingProxy_D7T4VF4LBP34PHV9XOEVM5TIG_1_4_3_0 Label:LandscapeStreamingProxy_4_3_0 SpatiallyLoaded:1 Bounds:IsValid=true, Min=(X=0.000 Y=-25200.000 Z=-123.438), Max=(X=25200.000 Y=0.000 Z=1463.281) RuntimeGrid:None EditorOnly:0 RuntimeOnly:0 HLODRelevant:1 ListedInSceneOutliner:1 IsMainWorldOnly:0
 |   |   |- Guid:3D538360492BA5FCF40B17A3C89D0CD6 BaseClass: NativeClass:/Script/Landscape.LandscapeStreamingProxy Name:LandscapeStreamingProxy_D7T4VF4LBP34PHV9XOEVM5TIG_1_0_7_0 Label:LandscapeStreamingProxy_0_7_0 SpatiallyLoaded:1 Bounds:IsValid=true, Min=(X=-100800.000 Y=75600.000 Z=8263.281), Max=(X=-75600.000 Y=100800.000 Z=13605.469) RuntimeGrid:None EditorOnly:0 RuntimeOnly:0 HLODRelevant:1 ListedInSceneOutliner:1 IsMainWorldOnly:0
 |   |   |- Guid:3D6A83F446063F2E991CA3AB8C06E00C BaseClass: NativeClass:/Script/Landscape.LandscapeStreamingProxy Name:LandscapeStreamingProxy_D7T4VF4LBP34PHV9XOEVM5TIG_1_7_7_0 Label:LandscapeStreamingProxy_7_7_0 SpatiallyLoaded:1 Bounds:IsValid=true, Min=(X=75600.000 Y=75600.000 Z=8727.344), Max=(X=100800.000 Y=100800.000 Z=12871.094) RuntimeGrid:None EditorOnly:0 RuntimeOnly:0 HLODRelevant:1 ListedInSceneOutliner:1 IsMainWorldOnly:0
 |   |   |- Guid:526CD1204AB2FF8A27785A8D59A1DCA7 BaseClass: NativeClass:/Script/Engine.SkyLight Name:SkyLight_UAID_A85E45CFE40401D200_1470380759 Label:SkyLight SpatiallyLoaded:0 Bounds:IsValid=true, Min=(X=0.000 Y=0.000 Z=0.000), Max=(X=0.000 Y=0.000 Z=0.000) RuntimeGrid:None EditorOnly:0 RuntimeOnly:0 HLODRelevant:0 ListedInSceneOutliner:1 IsMainWorldOnly:0 FolderPath:Lighting FolderGuid:B7E9BD5B45A652654791988DEF54CCEB
 |   |   |- Guid:5BAED8C84BD0C0B79E15688D0B14E73E BaseClass: NativeClass:/Script/Landscape.LandscapeStreamingProxy Name:LandscapeStreamingProxy_D7T4VF4LBP34PHV9XOEVM5TIG_1_6_5_0 Label:LandscapeStreamingProxy_6_5_0 SpatiallyLoaded:1 Bounds:IsValid=true, Min=(X=50400.000 Y=25200.000 Z=2264.062), Max=(X=75600.000 Y=50400.000 Z=9232.031) RuntimeGrid:None EditorOnly:0 RuntimeOnly:0 HLODRelevant:1 ListedInSceneOutliner:1 IsMainWorldOnly:0
 |   |   |- Guid:627E6CB24C8CB2C9F170919FB496F648 BaseClass: NativeClass:/Script/Landscape.Landscape Name:Landscape_UAID_A85E45CFE404FBD100_1221515703 Label:Landscape SpatiallyLoaded:0 Bounds:IsValid=true, Min=(X=-100800.000 Y=-100800.000 Z=100.000), Max=(X=-100800.000 Y=-100800.000 Z=100.000) RuntimeGrid:None EditorOnly:0 RuntimeOnly:0 HLODRelevant:0 ListedInSceneOutliner:1 IsMainWorldOnly:0
 |   |   |- Guid:63F070834FE9758B306A0B8801305EA1 BaseClass: NativeClass:/Script/Landscape.LandscapeStreamingProxy Name:LandscapeStreamingProxy_D7T4VF4LBP34PHV9XOEVM5TIG_1_2_6_0 Label:LandscapeStreamingProxy_2_6_0 SpatiallyLoaded:1 Bounds:IsValid=true, Min=(X=-50400.000 Y=50400.000 Z=1284.375), Max=(X=-25200.000 Y=75600.000 Z=7450.781) RuntimeGrid:None EditorOnly:0 RuntimeOnly:0 HLODRelevant:1 ListedInSceneOutliner:1 IsMainWorldOnly:0
 |   |   |- Guid:64616362451643F22CB35EBC101186FF BaseClass: NativeClass:/Script/Landscape.LandscapeStreamingProxy Name:LandscapeStreamingProxy_D7T4VF4LBP34PHV9XOEVM5TIG_1_0_0_0 Label:LandscapeStreamingProxy_0_0_0 SpatiallyLoaded:1 Bounds:IsValid=true, Min=(X=-100800.000 Y=-100800.000 Z=7269.531), Max=(X=-75600.000 Y=-75600.000 Z=12157.031) RuntimeGrid:None EditorOnly:0 RuntimeOnly:0 HLODRelevant:1 ListedInSceneOutliner:1 IsMainWorldOnly:0
 |   |   |- Guid:6B2CD69845C168094180DCAED51A47E8 BaseClass: NativeClass:/Script/Landscape.LandscapeStreamingProxy Name:LandscapeStreamingProxy_D7T4VF4LBP34PHV9XOEVM5TIG_1_7_5_0 Label:LandscapeStreamingProxy_7_5_0 SpatiallyLoaded:1 Bounds:IsValid=true, Min=(X=75600.000 Y=25200.000 Z=5872.656), Max=(X=100800.000 Y=50400.000 Z=13596.094) RuntimeGrid:None EditorOnly:0 RuntimeOnly:0 HLODRelevant:1 ListedInSceneOutliner:1 IsMainWorldOnly:0
 |   |   |- Guid:6D75063B40896E84A88DAD8413267E45 BaseClass: NativeClass:/Script/Landscape.LandscapeStreamingProxy Name:LandscapeStreamingProxy_D7T4VF4LBP34PHV9XOEVM5TIG_1_5_7_0 Label:LandscapeStreamingProxy_5_7_0 SpatiallyLoaded:1 Bounds:IsValid=true, Min=(X=25200.000 Y=75600.000 Z=2653.906), Max=(X=50400.000 Y=100800.000 Z=9796.094) RuntimeGrid:None EditorOnly:0 RuntimeOnly:0 HLODRelevant:1 ListedInSceneOutliner:1 IsMainWorldOnly:0
 |   |   |- Guid:74F7486F494F177247684593EF306150 BaseClass: NativeClass:/Script/WaterEditor.WaterBrushManager Name:Landscape_WaterBrushManager_0 Label:Landscape_WaterBrushManager SpatiallyLoaded:0 Bounds:IsValid=true, Min=(X=0.000 Y=0.000 Z=7444.922), Max=(X=1550.000 Y=1550.000 Z=50000.000) RuntimeGrid:None EditorOnly:0 RuntimeOnly:0 HLODRelevant:0 ListedInSceneOutliner:1 IsMainWorldOnly:0
 |   |   |- Guid:77F869EF4CC991DB297690A65C516E9A BaseClass: NativeClass:/Script/Landscape.LandscapeStreamingProxy Name:LandscapeStreamingProxy_D7T4VF4LBP34PHV9XOEVM5TIG_1_6_7_0 Label:LandscapeStreamingProxy_6_7_0 SpatiallyLoaded:1 Bounds:IsValid=true, Min=(X=50400.000 Y=75600.000 Z=7785.156), Max=(X=75600.000 Y=100800.000 Z=11791.406) RuntimeGrid:None EditorOnly:0 RuntimeOnly:0 HLODRelevant:1 ListedInSceneOutliner:1 IsMainWorldOnly:0
 |   |   |- Guid:79EC4FC9403E239DE478FFA20E756967 BaseClass: NativeClass:/Script/Engine.WorldDataLayers Name:WorldDataLayers Label:WorldDataLayers-1 SpatiallyLoaded:0 Bounds:Invalid RuntimeGrid:None EditorOnly:0 RuntimeOnly:0 HLODRelevant:0 ListedInSceneOutliner:1 IsMainWorldOnly:1
 |   |   |- Guid:7C19EC734EC42CE948C3E8913EF38B52 BaseClass: NativeClass:/Script/Engine.VolumetricCloud Name:VolumetricCloud_UAID_A85E45CFE40401D200_1470381760 Label:VolumetricCloud SpatiallyLoaded:0 Bounds:IsValid=true, Min=(X=0.000 Y=0.000 Z=0.000), Max=(X=0.000 Y=0.000 Z=0.000) RuntimeGrid:None EditorOnly:0 RuntimeOnly:0 HLODRelevant:0 ListedInSceneOutliner:1 IsMainWorldOnly:0 FolderPath:Lighting FolderGuid:B7E9BD5B45A652654791988DEF54CCEB
 |   |   |- Guid:7EE28CBB406188DEF7AC8BACD5082E40 BaseClass: NativeClass:/Script/Landscape.LandscapeStreamingProxy Name:LandscapeStreamingProxy_D7T4VF4LBP34PHV9XOEVM5TIG_1_1_4_0 Label:LandscapeStreamingProxy_1_4_0 SpatiallyLoaded:1 Bounds:IsValid=true, Min=(X=-75600.000 Y=0.000 Z=7.031), Max=(X=-50400.000 Y=25200.000 Z=4389.844) RuntimeGrid:None EditorOnly:0 RuntimeOnly:0 HLODRelevant:1 ListedInSceneOutliner:1 IsMainWorldOnly:0
 |   |   |- Guid:80B6B81F4EE73D6E211D6199E80B131E BaseClass: NativeClass:/Script/Landscape.LandscapeStreamingProxy Name:LandscapeStreamingProxy_D7T4VF4LBP34PHV9XOEVM5TIG_1_5_6_0 Label:LandscapeStreamingProxy_5_6_0 SpatiallyLoaded:1 Bounds:IsValid=true, Min=(X=25200.000 Y=50400.000 Z=1202.344), Max=(X=50400.000 Y=75600.000 Z=8677.344) RuntimeGrid:None EditorOnly:0 RuntimeOnly:0 HLODRelevant:1 ListedInSceneOutliner:1 IsMainWorldOnly:0
 |   |   |- Guid:8412C846451B6964868332A9E1B480FD BaseClass: NativeClass:/Script/Landscape.LandscapeStreamingProxy Name:LandscapeStreamingProxy_D7T4VF4LBP34PHV9XOEVM5TIG_1_2_7_0 Label:LandscapeStreamingProxy_2_7_0 SpatiallyLoaded:1 Bounds:IsValid=true, Min=(X=-50400.000 Y=75600.000 Z=5080.469), Max=(X=-25200.000 Y=100800.000 Z=13166.406) RuntimeGrid:None EditorOnly:0 RuntimeOnly:0 HLODRelevant:1 ListedInSceneOutliner:1 IsMainWorldOnly:0
 |   |   |- Guid:8449197E4DA1EBAAD93BC68627BA107A BaseClass: NativeClass:/Script/Engine.SkyAtmosphere Name:SkyAtmosphere_UAID_A85E45CFE40401D200_1470382762 Label:SkyAtmosphere SpatiallyLoaded:0 Bounds:IsValid=true, Min=(X=0.000 Y=0.000 Z=0.000), Max=(X=0.000 Y=0.000 Z=0.000) RuntimeGrid:None EditorOnly:0 RuntimeOnly:0 HLODRelevant:0 ListedInSceneOutliner:1 IsMainWorldOnly:0 FolderPath:Lighting FolderGuid:B7E9BD5B45A652654791988DEF54CCEB
 |   |   |- Guid:84C1B40D46212B72C58F46BBEEDE199D BaseClass: NativeClass:/Script/Landscape.LandscapeStreamingProxy Name:LandscapeStreamingProxy_D7T4VF4LBP34PHV9XOEVM5TIG_1_1_5_0 Label:LandscapeStreamingProxy_1_5_0 SpatiallyLoaded:1 Bounds:IsValid=true, Min=(X=-75600.000 Y=25200.000 Z=131.250), Max=(X=-50400.000 Y=50400.000 Z=8019.531) RuntimeGrid:None EditorOnly:0 RuntimeOnly:0 HLODRelevant:1 ListedInSceneOutliner:1 IsMainWorldOnly:0
 |   |   |- Guid:8664F51A4F57F27C4B34E98B63372A47 BaseClass: NativeClass:/Script/Landscape.LandscapeStreamingProxy Name:LandscapeStreamingProxy_D7T4VF4LBP34PHV9XOEVM5TIG_1_0_5_0 Label:LandscapeStreamingProxy_0_5_0 SpatiallyLoaded:1 Bounds:IsValid=true, Min=(X=-100800.000 Y=25200.000 Z=3900.781), Max=(X=-75600.000 Y=50400.000 Z=10327.344) RuntimeGrid:None EditorOnly:0 RuntimeOnly:0 HLODRelevant:1 ListedInSceneOutliner:1 IsMainWorldOnly:0
 |   |   |- Guid:8799535D4D1F2F538833619E4B98D9E4 BaseClass: NativeClass:/Script/Landscape.LandscapeStreamingProxy Name:LandscapeStreamingProxy_D7T4VF4LBP34PHV9XOEVM5TIG_1_3_3_0 Label:LandscapeStreamingProxy_3_3_0 SpatiallyLoaded:1 Bounds:IsValid=true, Min=(X=-25200.000 Y=-25200.000 Z=-100.000), Max=(X=0.000 Y=0.000 Z=873.438) RuntimeGrid:None EditorOnly:0 RuntimeOnly:0 HLODRelevant:1 ListedInSceneOutliner:1 IsMainWorldOnly:0
 |   |   |- Guid:8B5CF4994E38A57EE3F09E9CC3031C40 BaseClass: NativeClass:/Script/Landscape.LandscapeStreamingProxy Name:LandscapeStreamingProxy_D7T4VF4LBP34PHV9XOEVM5TIG_1_2_5_0 Label:LandscapeStreamingProxy_2_5_0 SpatiallyLoaded:1 Bounds:IsValid=true, Min=(X=-50400.000 Y=25200.000 Z=0.000), Max=(X=-25200.000 Y=50400.000 Z=3609.375) RuntimeGrid:None EditorOnly:0 RuntimeOnly:0 HLODRelevant:1 ListedInSceneOutliner:1 IsMainWorldOnly:0
 |   |   |- Guid:977072284EEA1C853EB01AAC3AD9580D BaseClass: NativeClass:/Script/Landscape.LandscapeStreamingProxy Name:LandscapeStreamingProxy_D7T4VF4LBP34PHV9XOEVM5TIG_1_0_6_0 Label:LandscapeStreamingProxy_0_6_0 SpatiallyLoaded:1 Bounds:IsValid=true, Min=(X=-100800.000 Y=50400.000 Z=5450.781), Max=(X=-75600.000 Y=75600.000 Z=11130.469) RuntimeGrid:None EditorOnly:0 RuntimeOnly:0 HLODRelevant:1 ListedInSceneOutliner:1 IsMainWorldOnly:0
 |   |   |- Guid:99716FE040CB84961D90C89247B3689A BaseClass: NativeClass:/Script/Landscape.LandscapeStreamingProxy Name:LandscapeStreamingProxy_D7T4VF4LBP34PHV9XOEVM5TIG_1_3_6_0 Label:LandscapeStreamingProxy_3_6_0 SpatiallyLoaded:1 Bounds:IsValid=true, Min=(X=-25200.000 Y=50400.000 Z=189.062), Max=(X=0.000 Y=75600.000 Z=5252.344) RuntimeGrid:None EditorOnly:0 RuntimeOnly:0 HLODRelevant:1 ListedInSceneOutliner:1 IsMainWorldOnly:0
 |   |   |- Guid:9A08CAA64E93596D0EAA458234C2F168 BaseClass: NativeClass:/Script/Landscape.LandscapeStreamingProxy Name:LandscapeStreamingProxy_D7T4VF4LBP34PHV9XOEVM5TIG_1_7_6_0 Label:LandscapeStreamingProxy_7_6_0 SpatiallyLoaded:1 Bounds:IsValid=true, Min=(X=75600.000 Y=50400.000 Z=9205.469), Max=(X=100800.000 Y=75600.000 Z=14989.844) RuntimeGrid:None EditorOnly:0 RuntimeOnly:0 HLODRelevant:1 ListedInSceneOutliner:1 IsMainWorldOnly:0
 |   |   |- Guid:9C31F8BC487CF5B8C9AD8ABCFF7D2F1B BaseClass: NativeClass:/Script/Landscape.LandscapeStreamingProxy Name:LandscapeStreamingProxy_D7T4VF4LBP34PHV9XOEVM5TIG_1_4_4_0 Label:LandscapeStreamingProxy_4_4_0 SpatiallyLoaded:1 Bounds:IsValid=true, Min=(X=0.000 Y=0.000 Z=-100.000), Max=(X=25200.000 Y=25200.000 Z=738.281) RuntimeGrid:None EditorOnly:0 RuntimeOnly:0 HLODRelevant:1 ListedInSceneOutliner:1 IsMainWorldOnly:0
 |   |   |- Guid:A17E474E4D05F960D2E41083F9A21902 BaseClass: NativeClass:/Script/Landscape.LandscapeStreamingProxy Name:LandscapeStreamingProxy_D7T4VF4LBP34PHV9XOEVM5TIG_1_6_6_0 Label:LandscapeStreamingProxy_6_6_0 SpatiallyLoaded:1 Bounds:IsValid=true, Min=(X=50400.000 Y=50400.000 Z=5341.406), Max=(X=75600.000 Y=75600.000 Z=10853.906) RuntimeGrid:None EditorOnly:0 RuntimeOnly:0 HLODRelevant:1 ListedInSceneOutliner:1 IsMainWorldOnly:0
 |   |   |- Guid:AD6C74494CC25B30376164A79BB03B02 BaseClass: NativeClass:/Script/Engine.DirectionalLight Name:DirectionalLight_UAID_A85E45CFE40401D200_1470382761 Label:DirectionalLight SpatiallyLoaded:0 Bounds:Invalid RuntimeGrid:None EditorOnly:0 RuntimeOnly:0 HLODRelevant:0 ListedInSceneOutliner:1 IsMainWorldOnly:1 FolderPath:Lighting FolderGuid:B7E9BD5B45A652654791988DEF54CCEB
 |   |   |- Guid:B3A8CAAD4C9482BB4E9A7DA285C58B26 BaseClass: NativeClass:/Script/Water.WaterBodyOcean Name:WaterBodyOcean_UAID_00D8614F2BD3478E02_1219183947 Label:WaterBodyOcean SpatiallyLoaded:0 Bounds:IsValid=true, Min=(X=-100800.000 Y=-173530.000 Z=-19220.000), Max=(X=135700.000 Y=100800.000 Z=2780.000) RuntimeGrid:None EditorOnly:0 RuntimeOnly:0 HLODRelevant:1 ListedInSceneOutliner:1 IsMainWorldOnly:0
 |   |   |- Guid:BCF626D541F4479CF4F4FF897858F568 BaseClass: NativeClass:/Script/Landscape.LandscapeStreamingProxy Name:LandscapeStreamingProxy_D7T4VF4LBP34PHV9XOEVM5TIG_1_1_6_0 Label:LandscapeStreamingProxy_1_6_0 SpatiallyLoaded:1 Bounds:IsValid=true, Min=(X=-75600.000 Y=50400.000 Z=3219.531), Max=(X=-50400.000 Y=75600.000 Z=9172.656) RuntimeGrid:None EditorOnly:0 RuntimeOnly:0 HLODRelevant:1 ListedInSceneOutliner:1 IsMainWorldOnly:0
 |   |   |- Guid:BD1FCF2348F08BE86F374DA4943B7F96 BaseClass: NativeClass:/Script/Landscape.LandscapeStreamingProxy Name:LandscapeStreamingProxy_D7T4VF4LBP34PHV9XOEVM5TIG_1_0_2_0 Label:LandscapeStreamingProxy_0_2_0 SpatiallyLoaded:1 Bounds:IsValid=true, Min=(X=-100800.000 Y=-50400.000 Z=5807.031), Max=(X=-75600.000 Y=-25200.000 Z=9500.781) RuntimeGrid:None EditorOnly:0 RuntimeOnly:0 HLODRelevant:1 ListedInSceneOutliner:1 IsMainWorldOnly:0
 |   |   |- Guid:BD576A044EC68FBA90D63C8C636F4D4E BaseClass: NativeClass:/Script/Landscape.LandscapeStreamingProxy Name:LandscapeStreamingProxy_D7T4VF4LBP34PHV9XOEVM5TIG_1_0_3_0 Label:LandscapeStreamingProxy_0_3_0 SpatiallyLoaded:1 Bounds:IsValid=true, Min=(X=-100800.000 Y=-25200.000 Z=966.406), Max=(X=-75600.000 Y=0.000 Z=9202.344) RuntimeGrid:None EditorOnly:0 RuntimeOnly:0 HLODRelevant:1 ListedInSceneOutliner:1 IsMainWorldOnly:0
 |   |   |- Guid:C5E940BD4AEF5E008776F69A766E5B83 BaseClass: NativeClass:/Script/Landscape.LandscapeStreamingProxy Name:LandscapeStreamingProxy_D7T4VF4LBP34PHV9XOEVM5TIG_1_2_3_0 Label:LandscapeStreamingProxy_2_3_0 SpatiallyLoaded:1 Bounds:IsValid=true, Min=(X=-50400.000 Y=-25200.000 Z=0.000), Max=(X=-25200.000 Y=0.000 Z=1038.281) RuntimeGrid:None EditorOnly:0 RuntimeOnly:0 HLODRelevant:1 ListedInSceneOutliner:1 IsMainWorldOnly:0
 |   |   |- Guid:C82C19BB485C48150A5C8487D28B47CC BaseClass: NativeClass:/Script/Engine.ExponentialHeightFog Name:ExponentialHeightFog_UAID_A85E45CFE40401D200_1470382763 Label:ExponentialHeightFog SpatiallyLoaded:0 Bounds:IsValid=true, Min=(X=-5600.000 Y=-50.000 Z=-6850.000), Max=(X=-5600.000 Y=-50.000 Z=-6850.000) RuntimeGrid:None EditorOnly:0 RuntimeOnly:0 HLODRelevant:0 ListedInSceneOutliner:1 IsMainWorldOnly:0 FolderPath:Lighting FolderGuid:B7E9BD5B45A652654791988DEF54CCEB
 |   |   |- Guid:D505776B4CCB23DAEC05E9A80938606A BaseClass: NativeClass:/Script/Landscape.LandscapeStreamingProxy Name:LandscapeStreamingProxy_D7T4VF4LBP34PHV9XOEVM5TIG_1_1_2_0 Label:LandscapeStreamingProxy_1_2_0 SpatiallyLoaded:1 Bounds:IsValid=true, Min=(X=-75600.000 Y=-50400.000 Z=1038.281), Max=(X=-50400.000 Y=-25200.000 Z=8925.781) RuntimeGrid:None EditorOnly:0 RuntimeOnly:0 HLODRelevant:1 ListedInSceneOutliner:1 IsMainWorldOnly:0
 |   |   |- Guid:E0ADE6A14C6DF4B9B16EC29C1535E46F BaseClass: NativeClass:/Script/Landscape.LandscapeStreamingProxy Name:LandscapeStreamingProxy_D7T4VF4LBP34PHV9XOEVM5TIG_1_1_7_0 Label:LandscapeStreamingProxy_1_7_0 SpatiallyLoaded:1 Bounds:IsValid=true, Min=(X=-75600.000 Y=75600.000 Z=6619.531), Max=(X=-50400.000 Y=100800.000 Z=13197.656) RuntimeGrid:None EditorOnly:0 RuntimeOnly:0 HLODRelevant:1 ListedInSceneOutliner:1 IsMainWorldOnly:0
 |   |   |- Guid:E5E95CC14AF524665425DA84A4A68C9A BaseClass: NativeClass:/Script/Water.WaterZone Name:WaterZone_UAID_00D8614F2BD3468E02_2013023768 Label:WaterZone SpatiallyLoaded:0 Bounds:IsValid=true, Min=(X=-100800.000 Y=-100800.000 Z=-100800.000), Max=(X=100800.000 Y=100800.000 Z=100800.000) RuntimeGrid:None EditorOnly:0 RuntimeOnly:0 HLODRelevant:0 ListedInSceneOutliner:1 IsMainWorldOnly:0
 |   |   |- Guid:EECD30584EDD26D76AF35D83D197B195 BaseClass: NativeClass:/Script/Landscape.LandscapeStreamingProxy Name:LandscapeStreamingProxy_D7T4VF4LBP34PHV9XOEVM5TIG_1_4_5_0 Label:LandscapeStreamingProxy_4_5_0 SpatiallyLoaded:1 Bounds:IsValid=true, Min=(X=0.000 Y=25200.000 Z=-0.781), Max=(X=25200.000 Y=50400.000 Z=1202.344) RuntimeGrid:None EditorOnly:0 RuntimeOnly:0 HLODRelevant:1 ListedInSceneOutliner:1 IsMainWorldOnly:0
 |   |   |- Guid:F248A43F490FA96E6D8630B05A811898 BaseClass: NativeClass:/Script/Landscape.LandscapeStreamingProxy Name:LandscapeStreamingProxy_D7T4VF4LBP34PHV9XOEVM5TIG_1_0_4_0 Label:LandscapeStreamingProxy_0_4_0 SpatiallyLoaded:1 Bounds:IsValid=true, Min=(X=-100800.000 Y=0.000 Z=847.656), Max=(X=-75600.000 Y=25200.000 Z=9271.094) RuntimeGrid:None EditorOnly:0 RuntimeOnly:0 HLODRelevant:1 ListedInSceneOutliner:1 IsMainWorldOnly:0
 |   |- [+] Clusters:
 |   |   |- [+] [  0]
 |   |   |   |- Guid:0EA9BBF64B76F4F25D74AD8920AA1082 BaseClass: NativeClass:/Script/Landscape.LandscapeStreamingProxy Name:LandscapeStreamingProxy_D7T4VF4LBP34PHV9XOEVM5TIG_1_1_3_0 Label:LandscapeStreamingProxy_1_3_0 SpatiallyLoaded:1 Bounds:IsValid=true, Min=(X=-75600.000 Y=-25200.000 Z=17.188), Max=(X=-50400.000 Y=0.000 Z=6477.344) RuntimeGrid:None EditorOnly:0 RuntimeOnly:0 HLODRelevant:1 ListedInSceneOutliner:1 IsMainWorldOnly:0
 |   |   |- [+] [  1]
 |   |   |   |- Guid:0EF4E05E4D969183BEBCD7AD7DD25C67 BaseClass: NativeClass:/Script/Landscape.LandscapeStreamingProxy Name:LandscapeStreamingProxy_D7T4VF4LBP34PHV9XOEVM5TIG_1_3_5_0 Label:LandscapeStreamingProxy_3_5_0 SpatiallyLoaded:1 Bounds:IsValid=true, Min=(X=-25200.000 Y=25200.000 Z=-0.781), Max=(X=0.000 Y=50400.000 Z=1284.375) RuntimeGrid:None EditorOnly:0 RuntimeOnly:0 HLODRelevant:1 ListedInSceneOutliner:1 IsMainWorldOnly:0
 |   |   |- [+] [  2]
 |   |   |   |- Guid:0F80C3FB4460F3748A5662AED1CBD8DC BaseClass: NativeClass:/Script/Landscape.LandscapeStreamingProxy Name:LandscapeStreamingProxy_D7T4VF4LBP34PHV9XOEVM5TIG_1_4_7_0 Label:LandscapeStreamingProxy_4_7_0 SpatiallyLoaded:1 Bounds:IsValid=true, Min=(X=0.000 Y=75600.000 Z=2080.469), Max=(X=25200.000 Y=100800.000 Z=6055.469) RuntimeGrid:None EditorOnly:0 RuntimeOnly:0 HLODRelevant:1 ListedInSceneOutliner:1 IsMainWorldOnly:0
 |   |   |- [+] [  3]
 |   |   |   |- Guid:1B9BD1124D955AF7EA4DF89D281C8286 BaseClass: NativeClass:/Script/Landscape.LandscapeStreamingProxy Name:LandscapeStreamingProxy_D7T4VF4LBP34PHV9XOEVM5TIG_1_3_4_0 Label:LandscapeStreamingProxy_3_4_0 SpatiallyLoaded:1 Bounds:IsValid=true, Min=(X=-25200.000 Y=0.000 Z=-100.000), Max=(X=0.000 Y=25200.000 Z=443.750) RuntimeGrid:None EditorOnly:0 RuntimeOnly:0 HLODRelevant:1 ListedInSceneOutliner:1 IsMainWorldOnly:0
 |   |   |- [+] [  4]
 |   |   |   |- Guid:1F7F0CA54401E79F711326BFE71441F7 BaseClass: NativeClass:/Script/Landscape.LandscapeStreamingProxy Name:LandscapeStreamingProxy_D7T4VF4LBP34PHV9XOEVM5TIG_1_2_4_0 Label:LandscapeStreamingProxy_2_4_0 SpatiallyLoaded:1 Bounds:IsValid=true, Min=(X=-50400.000 Y=0.000 Z=0.000), Max=(X=-25200.000 Y=25200.000 Z=164.844) RuntimeGrid:None EditorOnly:0 RuntimeOnly:0 HLODRelevant:1 ListedInSceneOutliner:1 IsMainWorldOnly:0
 |   |   |- [+] [  5]
 |   |   |   |- Guid:243DD66349BFE0EC256162888F115948 BaseClass: NativeClass:/Script/Landscape.LandscapeStreamingProxy Name:LandscapeStreamingProxy_D7T4VF4LBP34PHV9XOEVM5TIG_1_5_5_0 Label:LandscapeStreamingProxy_5_5_0 SpatiallyLoaded:1 Bounds:IsValid=true, Min=(X=25200.000 Y=25200.000 Z=0.000), Max=(X=50400.000 Y=50400.000 Z=5888.281) RuntimeGrid:None EditorOnly:0 RuntimeOnly:0 HLODRelevant:1 ListedInSceneOutliner:1 IsMainWorldOnly:0
 |   |   |- [+] [  6]
 |   |   |   |- Guid:247B45E741D0240C4EE9F5996269CF4F BaseClass: NativeClass:/Script/Landscape.LandscapeStreamingProxy Name:LandscapeStreamingProxy_D7T4VF4LBP34PHV9XOEVM5TIG_1_0_1_0 Label:LandscapeStreamingProxy_0_1_0 SpatiallyLoaded:1 Bounds:IsValid=true, Min=(X=-100800.000 Y=-75600.000 Z=5449.219), Max=(X=-75600.000 Y=-50400.000 Z=8761.719) RuntimeGrid:None EditorOnly:0 RuntimeOnly:0 HLODRelevant:1 ListedInSceneOutliner:1 IsMainWorldOnly:0
 |   |   |- [+] [  7]
 |   |   |   |- Guid:2B403B844348D87DABBDA88334B3F48A BaseClass: NativeClass:/Script/Landscape.LandscapeStreamingProxy Name:LandscapeStreamingProxy_D7T4VF4LBP34PHV9XOEVM5TIG_1_3_7_0 Label:LandscapeStreamingProxy_3_7_0 SpatiallyLoaded:1 Bounds:IsValid=true, Min=(X=-25200.000 Y=75600.000 Z=3127.344), Max=(X=0.000 Y=100800.000 Z=10647.656) RuntimeGrid:None EditorOnly:0 RuntimeOnly:0 HLODRelevant:1 ListedInSceneOutliner:1 IsMainWorldOnly:0
 |   |   |- [+] [  8]
 |   |   |   |- Guid:35B25F83487CC913D25588B3B0CD9B0B BaseClass: NativeClass:/Script/Landscape.LandscapeStreamingProxy Name:LandscapeStreamingProxy_D7T4VF4LBP34PHV9XOEVM5TIG_1_4_6_0 Label:LandscapeStreamingProxy_4_6_0 SpatiallyLoaded:1 Bounds:IsValid=true, Min=(X=0.000 Y=50400.000 Z=100.000), Max=(X=25200.000 Y=75600.000 Z=3294.531) RuntimeGrid:None EditorOnly:0 RuntimeOnly:0 HLODRelevant:1 ListedInSceneOutliner:1 IsMainWorldOnly:0
 |   |   |- [+] [  9]
 |   |   |   |- Guid:398AE47444504A3BFB8670ABFADB55EC BaseClass: NativeClass:/Script/Landscape.LandscapeStreamingProxy Name:LandscapeStreamingProxy_D7T4VF4LBP34PHV9XOEVM5TIG_1_4_3_0 Label:LandscapeStreamingProxy_4_3_0 SpatiallyLoaded:1 Bounds:IsValid=true, Min=(X=0.000 Y=-25200.000 Z=-123.438), Max=(X=25200.000 Y=0.000 Z=1463.281) RuntimeGrid:None EditorOnly:0 RuntimeOnly:0 HLODRelevant:1 ListedInSceneOutliner:1 IsMainWorldOnly:0
 |   |   |- [+] [ 10]
 |   |   |   |- Guid:3D538360492BA5FCF40B17A3C89D0CD6 BaseClass: NativeClass:/Script/Landscape.LandscapeStreamingProxy Name:LandscapeStreamingProxy_D7T4VF4LBP34PHV9XOEVM5TIG_1_0_7_0 Label:LandscapeStreamingProxy_0_7_0 SpatiallyLoaded:1 Bounds:IsValid=true, Min=(X=-100800.000 Y=75600.000 Z=8263.281), Max=(X=-75600.000 Y=100800.000 Z=13605.469) RuntimeGrid:None EditorOnly:0 RuntimeOnly:0 HLODRelevant:1 ListedInSceneOutliner:1 IsMainWorldOnly:0
 |   |   |- [+] [ 11]
 |   |   |   |- Guid:3D6A83F446063F2E991CA3AB8C06E00C BaseClass: NativeClass:/Script/Landscape.LandscapeStreamingProxy Name:LandscapeStreamingProxy_D7T4VF4LBP34PHV9XOEVM5TIG_1_7_7_0 Label:LandscapeStreamingProxy_7_7_0 SpatiallyLoaded:1 Bounds:IsValid=true, Min=(X=75600.000 Y=75600.000 Z=8727.344), Max=(X=100800.000 Y=100800.000 Z=12871.094) RuntimeGrid:None EditorOnly:0 RuntimeOnly:0 HLODRelevant:1 ListedInSceneOutliner:1 IsMainWorldOnly:0
 |   |   |- [+] [ 12]
 |   |   |   |- Guid:526CD1204AB2FF8A27785A8D59A1DCA7 BaseClass: NativeClass:/Script/Engine.SkyLight Name:SkyLight_UAID_A85E45CFE40401D200_1470380759 Label:SkyLight SpatiallyLoaded:0 Bounds:IsValid=true, Min=(X=0.000 Y=0.000 Z=0.000), Max=(X=0.000 Y=0.000 Z=0.000) RuntimeGrid:None EditorOnly:0 RuntimeOnly:0 HLODRelevant:0 ListedInSceneOutliner:1 IsMainWorldOnly:0 FolderPath:Lighting FolderGuid:B7E9BD5B45A652654791988DEF54CCEB
 |   |   |- [+] [ 13]
 |   |   |   |- Guid:5BAED8C84BD0C0B79E15688D0B14E73E BaseClass: NativeClass:/Script/Landscape.LandscapeStreamingProxy Name:LandscapeStreamingProxy_D7T4VF4LBP34PHV9XOEVM5TIG_1_6_5_0 Label:LandscapeStreamingProxy_6_5_0 SpatiallyLoaded:1 Bounds:IsValid=true, Min=(X=50400.000 Y=25200.000 Z=2264.062), Max=(X=75600.000 Y=50400.000 Z=9232.031) RuntimeGrid:None EditorOnly:0 RuntimeOnly:0 HLODRelevant:1 ListedInSceneOutliner:1 IsMainWorldOnly:0
 |   |   |- [+] [ 14]
 |   |   |   |- Guid:627E6CB24C8CB2C9F170919FB496F648 BaseClass: NativeClass:/Script/Landscape.Landscape Name:Landscape_UAID_A85E45CFE404FBD100_1221515703 Label:Landscape SpatiallyLoaded:0 Bounds:IsValid=true, Min=(X=-100800.000 Y=-100800.000 Z=100.000), Max=(X=-100800.000 Y=-100800.000 Z=100.000) RuntimeGrid:None EditorOnly:0 RuntimeOnly:0 HLODRelevant:0 ListedInSceneOutliner:1 IsMainWorldOnly:0
 |   |   |- [+] [ 15]
 |   |   |   |- Guid:63F070834FE9758B306A0B8801305EA1 BaseClass: NativeClass:/Script/Landscape.LandscapeStreamingProxy Name:LandscapeStreamingProxy_D7T4VF4LBP34PHV9XOEVM5TIG_1_2_6_0 Label:LandscapeStreamingProxy_2_6_0 SpatiallyLoaded:1 Bounds:IsValid=true, Min=(X=-50400.000 Y=50400.000 Z=1284.375), Max=(X=-25200.000 Y=75600.000 Z=7450.781) RuntimeGrid:None EditorOnly:0 RuntimeOnly:0 HLODRelevant:1 ListedInSceneOutliner:1 IsMainWorldOnly:0
 |   |   |- [+] [ 16]
 |   |   |   |- Guid:64616362451643F22CB35EBC101186FF BaseClass: NativeClass:/Script/Landscape.LandscapeStreamingProxy Name:LandscapeStreamingProxy_D7T4VF4LBP34PHV9XOEVM5TIG_1_0_0_0 Label:LandscapeStreamingProxy_0_0_0 SpatiallyLoaded:1 Bounds:IsValid=true, Min=(X=-100800.000 Y=-100800.000 Z=7269.531), Max=(X=-75600.000 Y=-75600.000 Z=12157.031) RuntimeGrid:None EditorOnly:0 RuntimeOnly:0 HLODRelevant:1 ListedInSceneOutliner:1 IsMainWorldOnly:0
 |   |   |- [+] [ 17]
 |   |   |   |- Guid:6B2CD69845C168094180DCAED51A47E8 BaseClass: NativeClass:/Script/Landscape.LandscapeStreamingProxy Name:LandscapeStreamingProxy_D7T4VF4LBP34PHV9XOEVM5TIG_1_7_5_0 Label:LandscapeStreamingProxy_7_5_0 SpatiallyLoaded:1 Bounds:IsValid=true, Min=(X=75600.000 Y=25200.000 Z=5872.656), Max=(X=100800.000 Y=50400.000 Z=13596.094) RuntimeGrid:None EditorOnly:0 RuntimeOnly:0 HLODRelevant:1 ListedInSceneOutliner:1 IsMainWorldOnly:0
 |   |   |- [+] [ 18]
 |   |   |   |- Guid:6D75063B40896E84A88DAD8413267E45 BaseClass: NativeClass:/Script/Landscape.LandscapeStreamingProxy Name:LandscapeStreamingProxy_D7T4VF4LBP34PHV9XOEVM5TIG_1_5_7_0 Label:LandscapeStreamingProxy_5_7_0 SpatiallyLoaded:1 Bounds:IsValid=true, Min=(X=25200.000 Y=75600.000 Z=2653.906), Max=(X=50400.000 Y=100800.000 Z=9796.094) RuntimeGrid:None EditorOnly:0 RuntimeOnly:0 HLODRelevant:1 ListedInSceneOutliner:1 IsMainWorldOnly:0
 |   |   |- [+] [ 19]
 |   |   |   |- Guid:74F7486F494F177247684593EF306150 BaseClass: NativeClass:/Script/WaterEditor.WaterBrushManager Name:Landscape_WaterBrushManager_0 Label:Landscape_WaterBrushManager SpatiallyLoaded:0 Bounds:IsValid=true, Min=(X=0.000 Y=0.000 Z=7444.922), Max=(X=1550.000 Y=1550.000 Z=50000.000) RuntimeGrid:None EditorOnly:0 RuntimeOnly:0 HLODRelevant:0 ListedInSceneOutliner:1 IsMainWorldOnly:0
 |   |   |- [+] [ 20]
 |   |   |   |- Guid:77F869EF4CC991DB297690A65C516E9A BaseClass: NativeClass:/Script/Landscape.LandscapeStreamingProxy Name:LandscapeStreamingProxy_D7T4VF4LBP34PHV9XOEVM5TIG_1_6_7_0 Label:LandscapeStreamingProxy_6_7_0 SpatiallyLoaded:1 Bounds:IsValid=true, Min=(X=50400.000 Y=75600.000 Z=7785.156), Max=(X=75600.000 Y=100800.000 Z=11791.406) RuntimeGrid:None EditorOnly:0 RuntimeOnly:0 HLODRelevant:1 ListedInSceneOutliner:1 IsMainWorldOnly:0
 |   |   |- [+] [ 21]
 |   |   |   |- Guid:79EC4FC9403E239DE478FFA20E756967 BaseClass: NativeClass:/Script/Engine.WorldDataLayers Name:WorldDataLayers Label:WorldDataLayers-1 SpatiallyLoaded:0 Bounds:Invalid RuntimeGrid:None EditorOnly:0 RuntimeOnly:0 HLODRelevant:0 ListedInSceneOutliner:1 IsMainWorldOnly:1
 |   |   |- [+] [ 22]
 |   |   |   |- Guid:7C19EC734EC42CE948C3E8913EF38B52 BaseClass: NativeClass:/Script/Engine.VolumetricCloud Name:VolumetricCloud_UAID_A85E45CFE40401D200_1470381760 Label:VolumetricCloud SpatiallyLoaded:0 Bounds:IsValid=true, Min=(X=0.000 Y=0.000 Z=0.000), Max=(X=0.000 Y=0.000 Z=0.000) RuntimeGrid:None EditorOnly:0 RuntimeOnly:0 HLODRelevant:0 ListedInSceneOutliner:1 IsMainWorldOnly:0 FolderPath:Lighting FolderGuid:B7E9BD5B45A652654791988DEF54CCEB
 |   |   |- [+] [ 23]
 |   |   |   |- Guid:7EE28CBB406188DEF7AC8BACD5082E40 BaseClass: NativeClass:/Script/Landscape.LandscapeStreamingProxy Name:LandscapeStreamingProxy_D7T4VF4LBP34PHV9XOEVM5TIG_1_1_4_0 Label:LandscapeStreamingProxy_1_4_0 SpatiallyLoaded:1 Bounds:IsValid=true, Min=(X=-75600.000 Y=0.000 Z=7.031), Max=(X=-50400.000 Y=25200.000 Z=4389.844) RuntimeGrid:None EditorOnly:0 RuntimeOnly:0 HLODRelevant:1 ListedInSceneOutliner:1 IsMainWorldOnly:0
 |   |   |- [+] [ 24]
 |   |   |   |- Guid:80B6B81F4EE73D6E211D6199E80B131E BaseClass: NativeClass:/Script/Landscape.LandscapeStreamingProxy Name:LandscapeStreamingProxy_D7T4VF4LBP34PHV9XOEVM5TIG_1_5_6_0 Label:LandscapeStreamingProxy_5_6_0 SpatiallyLoaded:1 Bounds:IsValid=true, Min=(X=25200.000 Y=50400.000 Z=1202.344), Max=(X=50400.000 Y=75600.000 Z=8677.344) RuntimeGrid:None EditorOnly:0 RuntimeOnly:0 HLODRelevant:1 ListedInSceneOutliner:1 IsMainWorldOnly:0
 |   |   |- [+] [ 25]
 |   |   |   |- Guid:8412C846451B6964868332A9E1B480FD BaseClass: NativeClass:/Script/Landscape.LandscapeStreamingProxy Name:LandscapeStreamingProxy_D7T4VF4LBP34PHV9XOEVM5TIG_1_2_7_0 Label:LandscapeStreamingProxy_2_7_0 SpatiallyLoaded:1 Bounds:IsValid=true, Min=(X=-50400.000 Y=75600.000 Z=5080.469), Max=(X=-25200.000 Y=100800.000 Z=13166.406) RuntimeGrid:None EditorOnly:0 RuntimeOnly:0 HLODRelevant:1 ListedInSceneOutliner:1 IsMainWorldOnly:0
 |   |   |- [+] [ 26]
 |   |   |   |- Guid:8449197E4DA1EBAAD93BC68627BA107A BaseClass: NativeClass:/Script/Engine.SkyAtmosphere Name:SkyAtmosphere_UAID_A85E45CFE40401D200_1470382762 Label:SkyAtmosphere SpatiallyLoaded:0 Bounds:IsValid=true, Min=(X=0.000 Y=0.000 Z=0.000), Max=(X=0.000 Y=0.000 Z=0.000) RuntimeGrid:None EditorOnly:0 RuntimeOnly:0 HLODRelevant:0 ListedInSceneOutliner:1 IsMainWorldOnly:0 FolderPath:Lighting FolderGuid:B7E9BD5B45A652654791988DEF54CCEB
 |   |   |- [+] [ 27]
 |   |   |   |- Guid:84C1B40D46212B72C58F46BBEEDE199D BaseClass: NativeClass:/Script/Landscape.LandscapeStreamingProxy Name:LandscapeStreamingProxy_D7T4VF4LBP34PHV9XOEVM5TIG_1_1_5_0 Label:LandscapeStreamingProxy_1_5_0 SpatiallyLoaded:1 Bounds:IsValid=true, Min=(X=-75600.000 Y=25200.000 Z=131.250), Max=(X=-50400.000 Y=50400.000 Z=8019.531) RuntimeGrid:None EditorOnly:0 RuntimeOnly:0 HLODRelevant:1 ListedInSceneOutliner:1 IsMainWorldOnly:0
 |   |   |- [+] [ 28]
 |   |   |   |- Guid:8664F51A4F57F27C4B34E98B63372A47 BaseClass: NativeClass:/Script/Landscape.LandscapeStreamingProxy Name:LandscapeStreamingProxy_D7T4VF4LBP34PHV9XOEVM5TIG_1_0_5_0 Label:LandscapeStreamingProxy_0_5_0 SpatiallyLoaded:1 Bounds:IsValid=true, Min=(X=-100800.000 Y=25200.000 Z=3900.781), Max=(X=-75600.000 Y=50400.000 Z=10327.344) RuntimeGrid:None EditorOnly:0 RuntimeOnly:0 HLODRelevant:1 ListedInSceneOutliner:1 IsMainWorldOnly:0
 |   |   |- [+] [ 29]
 |   |   |   |- Guid:8799535D4D1F2F538833619E4B98D9E4 BaseClass: NativeClass:/Script/Landscape.LandscapeStreamingProxy Name:LandscapeStreamingProxy_D7T4VF4LBP34PHV9XOEVM5TIG_1_3_3_0 Label:LandscapeStreamingProxy_3_3_0 SpatiallyLoaded:1 Bounds:IsValid=true, Min=(X=-25200.000 Y=-25200.000 Z=-100.000), Max=(X=0.000 Y=0.000 Z=873.438) RuntimeGrid:None EditorOnly:0 RuntimeOnly:0 HLODRelevant:1 ListedInSceneOutliner:1 IsMainWorldOnly:0
 |   |   |- [+] [ 30]
 |   |   |   |- Guid:8B5CF4994E38A57EE3F09E9CC3031C40 BaseClass: NativeClass:/Script/Landscape.LandscapeStreamingProxy Name:LandscapeStreamingProxy_D7T4VF4LBP34PHV9XOEVM5TIG_1_2_5_0 Label:LandscapeStreamingProxy_2_5_0 SpatiallyLoaded:1 Bounds:IsValid=true, Min=(X=-50400.000 Y=25200.000 Z=0.000), Max=(X=-25200.000 Y=50400.000 Z=3609.375) RuntimeGrid:None EditorOnly:0 RuntimeOnly:0 HLODRelevant:1 ListedInSceneOutliner:1 IsMainWorldOnly:0
 |   |   |- [+] [ 31]
 |   |   |   |- Guid:977072284EEA1C853EB01AAC3AD9580D BaseClass: NativeClass:/Script/Landscape.LandscapeStreamingProxy Name:LandscapeStreamingProxy_D7T4VF4LBP34PHV9XOEVM5TIG_1_0_6_0 Label:LandscapeStreamingProxy_0_6_0 SpatiallyLoaded:1 Bounds:IsValid=true, Min=(X=-100800.000 Y=50400.000 Z=5450.781), Max=(X=-75600.000 Y=75600.000 Z=11130.469) RuntimeGrid:None EditorOnly:0 RuntimeOnly:0 HLODRelevant:1 ListedInSceneOutliner:1 IsMainWorldOnly:0
 |   |   |- [+] [ 32]
 |   |   |   |- Guid:99716FE040CB84961D90C89247B3689A BaseClass: NativeClass:/Script/Landscape.LandscapeStreamingProxy Name:LandscapeStreamingProxy_D7T4VF4LBP34PHV9XOEVM5TIG_1_3_6_0 Label:LandscapeStreamingProxy_3_6_0 SpatiallyLoaded:1 Bounds:IsValid=true, Min=(X=-25200.000 Y=50400.000 Z=189.062), Max=(X=0.000 Y=75600.000 Z=5252.344) RuntimeGrid:None EditorOnly:0 RuntimeOnly:0 HLODRelevant:1 ListedInSceneOutliner:1 IsMainWorldOnly:0
 |   |   |- [+] [ 33]
 |   |   |   |- Guid:9A08CAA64E93596D0EAA458234C2F168 BaseClass: NativeClass:/Script/Landscape.LandscapeStreamingProxy Name:LandscapeStreamingProxy_D7T4VF4LBP34PHV9XOEVM5TIG_1_7_6_0 Label:LandscapeStreamingProxy_7_6_0 SpatiallyLoaded:1 Bounds:IsValid=true, Min=(X=75600.000 Y=50400.000 Z=9205.469), Max=(X=100800.000 Y=75600.000 Z=14989.844) RuntimeGrid:None EditorOnly:0 RuntimeOnly:0 HLODRelevant:1 ListedInSceneOutliner:1 IsMainWorldOnly:0
 |   |   |- [+] [ 34]
 |   |   |   |- Guid:9C31F8BC487CF5B8C9AD8ABCFF7D2F1B BaseClass: NativeClass:/Script/Landscape.LandscapeStreamingProxy Name:LandscapeStreamingProxy_D7T4VF4LBP34PHV9XOEVM5TIG_1_4_4_0 Label:LandscapeStreamingProxy_4_4_0 SpatiallyLoaded:1 Bounds:IsValid=true, Min=(X=0.000 Y=0.000 Z=-100.000), Max=(X=25200.000 Y=25200.000 Z=738.281) RuntimeGrid:None EditorOnly:0 RuntimeOnly:0 HLODRelevant:1 ListedInSceneOutliner:1 IsMainWorldOnly:0
 |   |   |- [+] [ 35]
 |   |   |   |- Guid:A17E474E4D05F960D2E41083F9A21902 BaseClass: NativeClass:/Script/Landscape.LandscapeStreamingProxy Name:LandscapeStreamingProxy_D7T4VF4LBP34PHV9XOEVM5TIG_1_6_6_0 Label:LandscapeStreamingProxy_6_6_0 SpatiallyLoaded:1 Bounds:IsValid=true, Min=(X=50400.000 Y=50400.000 Z=5341.406), Max=(X=75600.000 Y=75600.000 Z=10853.906) RuntimeGrid:None EditorOnly:0 RuntimeOnly:0 HLODRelevant:1 ListedInSceneOutliner:1 IsMainWorldOnly:0
 |   |   |- [+] [ 36]
 |   |   |   |- Guid:AD6C74494CC25B30376164A79BB03B02 BaseClass: NativeClass:/Script/Engine.DirectionalLight Name:DirectionalLight_UAID_A85E45CFE40401D200_1470382761 Label:DirectionalLight SpatiallyLoaded:0 Bounds:Invalid RuntimeGrid:None EditorOnly:0 RuntimeOnly:0 HLODRelevant:0 ListedInSceneOutliner:1 IsMainWorldOnly:1 FolderPath:Lighting FolderGuid:B7E9BD5B45A652654791988DEF54CCEB
 |   |   |- [+] [ 37]
 |   |   |   |- Guid:B3A8CAAD4C9482BB4E9A7DA285C58B26 BaseClass: NativeClass:/Script/Water.WaterBodyOcean Name:WaterBodyOcean_UAID_00D8614F2BD3478E02_1219183947 Label:WaterBodyOcean SpatiallyLoaded:0 Bounds:IsValid=true, Min=(X=-100800.000 Y=-173530.000 Z=-19220.000), Max=(X=135700.000 Y=100800.000 Z=2780.000) RuntimeGrid:None EditorOnly:0 RuntimeOnly:0 HLODRelevant:1 ListedInSceneOutliner:1 IsMainWorldOnly:0
 |   |   |- [+] [ 38]
 |   |   |   |- Guid:BCF626D541F4479CF4F4FF897858F568 BaseClass: NativeClass:/Script/Landscape.LandscapeStreamingProxy Name:LandscapeStreamingProxy_D7T4VF4LBP34PHV9XOEVM5TIG_1_1_6_0 Label:LandscapeStreamingProxy_1_6_0 SpatiallyLoaded:1 Bounds:IsValid=true, Min=(X=-75600.000 Y=50400.000 Z=3219.531), Max=(X=-50400.000 Y=75600.000 Z=9172.656) RuntimeGrid:None EditorOnly:0 RuntimeOnly:0 HLODRelevant:1 ListedInSceneOutliner:1 IsMainWorldOnly:0
 |   |   |- [+] [ 39]
 |   |   |   |- Guid:BD1FCF2348F08BE86F374DA4943B7F96 BaseClass: NativeClass:/Script/Landscape.LandscapeStreamingProxy Name:LandscapeStreamingProxy_D7T4VF4LBP34PHV9XOEVM5TIG_1_0_2_0 Label:LandscapeStreamingProxy_0_2_0 SpatiallyLoaded:1 Bounds:IsValid=true, Min=(X=-100800.000 Y=-50400.000 Z=5807.031), Max=(X=-75600.000 Y=-25200.000 Z=9500.781) RuntimeGrid:None EditorOnly:0 RuntimeOnly:0 HLODRelevant:1 ListedInSceneOutliner:1 IsMainWorldOnly:0
 |   |   |- [+] [ 40]
 |   |   |   |- Guid:BD576A044EC68FBA90D63C8C636F4D4E BaseClass: NativeClass:/Script/Landscape.LandscapeStreamingProxy Name:LandscapeStreamingProxy_D7T4VF4LBP34PHV9XOEVM5TIG_1_0_3_0 Label:LandscapeStreamingProxy_0_3_0 SpatiallyLoaded:1 Bounds:IsValid=true, Min=(X=-100800.000 Y=-25200.000 Z=966.406), Max=(X=-75600.000 Y=0.000 Z=9202.344) RuntimeGrid:None EditorOnly:0 RuntimeOnly:0 HLODRelevant:1 ListedInSceneOutliner:1 IsMainWorldOnly:0
 |   |   |- [+] [ 41]
 |   |   |   |- Guid:C5E940BD4AEF5E008776F69A766E5B83 BaseClass: NativeClass:/Script/Landscape.LandscapeStreamingProxy Name:LandscapeStreamingProxy_D7T4VF4LBP34PHV9XOEVM5TIG_1_2_3_0 Label:LandscapeStreamingProxy_2_3_0 SpatiallyLoaded:1 Bounds:IsValid=true, Min=(X=-50400.000 Y=-25200.000 Z=0.000), Max=(X=-25200.000 Y=0.000 Z=1038.281) RuntimeGrid:None EditorOnly:0 RuntimeOnly:0 HLODRelevant:1 ListedInSceneOutliner:1 IsMainWorldOnly:0
 |   |   |- [+] [ 42]
 |   |   |   |- Guid:C82C19BB485C48150A5C8487D28B47CC BaseClass: NativeClass:/Script/Engine.ExponentialHeightFog Name:ExponentialHeightFog_UAID_A85E45CFE40401D200_1470382763 Label:ExponentialHeightFog SpatiallyLoaded:0 Bounds:IsValid=true, Min=(X=-5600.000 Y=-50.000 Z=-6850.000), Max=(X=-5600.000 Y=-50.000 Z=-6850.000) RuntimeGrid:None EditorOnly:0 RuntimeOnly:0 HLODRelevant:0 ListedInSceneOutliner:1 IsMainWorldOnly:0 FolderPath:Lighting FolderGuid:B7E9BD5B45A652654791988DEF54CCEB
 |   |   |- [+] [ 43]
 |   |   |   |- Guid:D505776B4CCB23DAEC05E9A80938606A BaseClass: NativeClass:/Script/Landscape.LandscapeStreamingProxy Name:LandscapeStreamingProxy_D7T4VF4LBP34PHV9XOEVM5TIG_1_1_2_0 Label:LandscapeStreamingProxy_1_2_0 SpatiallyLoaded:1 Bounds:IsValid=true, Min=(X=-75600.000 Y=-50400.000 Z=1038.281), Max=(X=-50400.000 Y=-25200.000 Z=8925.781) RuntimeGrid:None EditorOnly:0 RuntimeOnly:0 HLODRelevant:1 ListedInSceneOutliner:1 IsMainWorldOnly:0
 |   |   |- [+] [ 44]
 |   |   |   |- Guid:E0ADE6A14C6DF4B9B16EC29C1535E46F BaseClass: NativeClass:/Script/Landscape.LandscapeStreamingProxy Name:LandscapeStreamingProxy_D7T4VF4LBP34PHV9XOEVM5TIG_1_1_7_0 Label:LandscapeStreamingProxy_1_7_0 SpatiallyLoaded:1 Bounds:IsValid=true, Min=(X=-75600.000 Y=75600.000 Z=6619.531), Max=(X=-50400.000 Y=100800.000 Z=13197.656) RuntimeGrid:None EditorOnly:0 RuntimeOnly:0 HLODRelevant:1 ListedInSceneOutliner:1 IsMainWorldOnly:0
 |   |   |- [+] [ 45]
 |   |   |   |- Guid:E5E95CC14AF524665425DA84A4A68C9A BaseClass: NativeClass:/Script/Water.WaterZone Name:WaterZone_UAID_00D8614F2BD3468E02_2013023768 Label:WaterZone SpatiallyLoaded:0 Bounds:IsValid=true, Min=(X=-100800.000 Y=-100800.000 Z=-100800.000), Max=(X=100800.000 Y=100800.000 Z=100800.000) RuntimeGrid:None EditorOnly:0 RuntimeOnly:0 HLODRelevant:0 ListedInSceneOutliner:1 IsMainWorldOnly:0
 |   |   |- [+] [ 46]
 |   |   |   |- Guid:EECD30584EDD26D76AF35D83D197B195 BaseClass: NativeClass:/Script/Landscape.LandscapeStreamingProxy Name:LandscapeStreamingProxy_D7T4VF4LBP34PHV9XOEVM5TIG_1_4_5_0 Label:LandscapeStreamingProxy_4_5_0 SpatiallyLoaded:1 Bounds:IsValid=true, Min=(X=0.000 Y=25200.000 Z=-0.781), Max=(X=25200.000 Y=50400.000 Z=1202.344) RuntimeGrid:None EditorOnly:0 RuntimeOnly:0 HLODRelevant:1 ListedInSceneOutliner:1 IsMainWorldOnly:0
 |   |   |- [+] [ 47]
 |   |   |   |- Guid:F248A43F490FA96E6D8630B05A811898 BaseClass: NativeClass:/Script/Landscape.LandscapeStreamingProxy Name:LandscapeStreamingProxy_D7T4VF4LBP34PHV9XOEVM5TIG_1_0_4_0 Label:LandscapeStreamingProxy_0_4_0 SpatiallyLoaded:1 Bounds:IsValid=true, Min=(X=-100800.000 Y=0.000 Z=847.656), Max=(X=-75600.000 Y=25200.000 Z=9271.094) RuntimeGrid:None EditorOnly:0 RuntimeOnly:0 HLODRelevant:1 ListedInSceneOutliner:1 IsMainWorldOnly:0
 |- ContainerInstances:
 |- [+] MainContainer:
 |   |-        ID: 00000000000000000000000000000000
 |   |-  ParentID: 00000000000000000000000000000000
 |   |-    Bounds: IsValid=true, Min=(X=-100800.000 Y=-100800.000 Z=-123.438), Max=(X=100800.000 Y=100800.000 Z=14989.844)
 |   |- Transform: 0.000000,0.000000,0.000000|0.000000,0.000000,-0.000000|1.000000,1.000000,1.000000
 |   |- Container: /Game/UILevelTest/MainMenu
----------------------------------------------------------------------------------------------------------------
MainMenu - Persistent Level
----------------------------------------------------------------------------------------------------------------
[+] Content of MainMenu Persistent Level
 |- Always loaded Actor Count: 10 
 |- Actor Path: /Game/UILevelTest/MainMenu.MainMenu:PersistentLevel.DirectionalLight_UAID_A85E45CFE40401D200_1470382761
 |- Actor Package: /Game/__ExternalActors__/UILevelTest/MainMenu/4/A1/AMVZS2BASXIZVOY0QP14TM
 |- Actor Path: /Game/UILevelTest/MainMenu.MainMenu:PersistentLevel.ExponentialHeightFog_UAID_A85E45CFE40401D200_1470382763
 |- Actor Package: /Game/__ExternalActors__/UILevelTest/MainMenu/B/Q1/4CF08KCPRJ9PN3S16W0YIM
 |- Actor Path: /Game/UILevelTest/MainMenu.MainMenu:PersistentLevel.Landscape_UAID_A85E45CFE404FBD100_1221515703
 |- Actor Package: /Game/__ExternalActors__/UILevelTest/MainMenu/5/6G/QZKHCDTQKHNWA4ORH5CGPQ
 |- Actor Path: /Game/UILevelTest/MainMenu.MainMenu:PersistentLevel.Landscape_WaterBrushManager_0
 |- Actor Package: /Game/__ExternalActors__/UILevelTest/MainMenu/9/G3/XETGNKBPPD3Z3XI5ZTEKYQ
 |- Actor Path: /Game/UILevelTest/MainMenu.MainMenu:PersistentLevel.SkyAtmosphere_UAID_A85E45CFE40401D200_1470382762
 |- Actor Package: /Game/__ExternalActors__/UILevelTest/MainMenu/7/AH/CKB9ZJR9I6C10K7VUUTHEX
 |- Actor Path: /Game/UILevelTest/MainMenu.MainMenu:PersistentLevel.SkyLight_UAID_A85E45CFE40401D200_1470380759
 |- Actor Package: /Game/__ExternalActors__/UILevelTest/MainMenu/B/90/H9BMRP14BB0QL18JBI7NXV
 |- Actor Path: /Game/UILevelTest/MainMenu.MainMenu:PersistentLevel.VolumetricCloud_UAID_A85E45CFE40401D200_1470381760
 |- Actor Package: /Game/__ExternalActors__/UILevelTest/MainMenu/1/Q8/K0GG7IJOGZU2WYYW7Q3HDP
 |- Actor Path: /Game/UILevelTest/MainMenu.MainMenu:PersistentLevel.WaterBodyOcean_UAID_00D8614F2BD3478E02_1219183947
 |- Actor Package: /Game/__ExternalActors__/UILevelTest/MainMenu/E/6T/JNPQF5QS28GSPSE355JVJT
 |- Actor Path: /Game/UILevelTest/MainMenu.MainMenu:PersistentLevel.WaterZone_UAID_00D8614F2BD3468E02_2013023768
 |- Actor Package: /Game/__ExternalActors__/UILevelTest/MainMenu/1/BW/2DR1H01NTSIU3NZ9HYUYZL
 |- Actor Path: /Game/UILevelTest/MainMenu.MainMenu:PersistentLevel.WorldDataLayers
 |- Actor Package: /Game/__ExternalActors__/UILevelTest/MainMenu/5/3C/ASCI318UT1JUIGH559HOX8

----------------------------------------------------------------------------------------------------------------
MainMenu - Runtime Hash Set
----------------------------------------------------------------------------------------------------------------
[+] Content of Cell MainMenu_MainGrid_-4_1_0_0 (0K4GT5IWAFNLHAHGKR54E1F1R)
 |- Actor Count: 1
 |- [+] /Game/UILevelTest/MainMenu.MainMenu:PersistentLevel.LandscapeStreamingProxy_D7T4VF4LBP34PHV9XOEVM5TIG_1_0_5_0
 |   |-         Package: /Game/__ExternalActors__/UILevelTest/MainMenu/7/25/6QUCVW38ZXZ1UNNI7D6XF2
 |   |-     Editor Only: 0
 |   |-   Instance Guid: 8664F51A4F57F27C4B34E98B63372A47
 |   |- [+] Container:
 |   |   |-        ID: 00000000000000000000000000000000
 |   |   |- Transform: 0.000000,0.000000,0.000000|0.000000,0.000000,-0.000000|1.000000,1.000000,1.000000
[+] Content of Cell MainMenu_MainGrid_-4_-4_0_0 (0LS7ZGYCDDP58WC68CY0U4XNX)
 |- Actor Count: 1
 |- [+] /Game/UILevelTest/MainMenu.MainMenu:PersistentLevel.LandscapeStreamingProxy_D7T4VF4LBP34PHV9XOEVM5TIG_1_0_0_0
 |   |-         Package: /Game/__ExternalActors__/UILevelTest/MainMenu/7/WX/FUA1IAM7CANB3Y1RFPOB9Y
 |   |-     Editor Only: 0
 |   |-   Instance Guid: 64616362451643F22CB35EBC101186FF
 |   |- [+] Container:
 |   |   |-        ID: 00000000000000000000000000000000
 |   |   |- Transform: 0.000000,0.000000,0.000000|0.000000,0.000000,-0.000000|1.000000,1.000000,1.000000
[+] Content of Cell MainMenu_MainGrid_1_2_0_0 (0YR9VOUEFLQAFVZLVJ0SO8NAX)
 |- Actor Count: 1
 |- [+] /Game/UILevelTest/MainMenu.MainMenu:PersistentLevel.LandscapeStreamingProxy_D7T4VF4LBP34PHV9XOEVM5TIG_1_5_6_0
 |   |-         Package: /Game/__ExternalActors__/UILevelTest/MainMenu/8/QT/FM4N3K24B2MF1VMIYP1317
 |   |-     Editor Only: 0
 |   |-   Instance Guid: 80B6B81F4EE73D6E211D6199E80B131E
 |   |- [+] Container:
 |   |   |-        ID: 00000000000000000000000000000000
 |   |   |- Transform: 0.000000,0.000000,0.000000|0.000000,0.000000,-0.000000|1.000000,1.000000,1.000000
[+] Content of Cell MainMenu_MainGrid_-3_1_0_0 (1YYNEWEZ056K5GAXADMS15ZI6)
 |- Actor Count: 1
 |- [+] /Game/UILevelTest/MainMenu.MainMenu:PersistentLevel.LandscapeStreamingProxy_D7T4VF4LBP34PHV9XOEVM5TIG_1_1_5_0
 |   |-         Package: /Game/__ExternalActors__/UILevelTest/MainMenu/B/8Q/LG4ZO8ESTFG9PHZZX4KC26
 |   |-     Editor Only: 0
 |   |-   Instance Guid: 84C1B40D46212B72C58F46BBEEDE199D
 |   |- [+] Container:
 |   |   |-        ID: 00000000000000000000000000000000
 |   |   |- Transform: 0.000000,0.000000,0.000000|0.000000,0.000000,-0.000000|1.000000,1.000000,1.000000
[+] Content of Cell MainMenu_MainGrid_-3_2_0_0 (2CJW3OX1O2FO2QT7EWTH3F1CL)
 |- Actor Count: 1
 |- [+] /Game/UILevelTest/MainMenu.MainMenu:PersistentLevel.LandscapeStreamingProxy_D7T4VF4LBP34PHV9XOEVM5TIG_1_1_6_0
 |   |-         Package: /Game/__ExternalActors__/UILevelTest/MainMenu/5/4J/VXIGZJZVPIIMMJXAE8MHZJ
 |   |-     Editor Only: 0
 |   |-   Instance Guid: BCF626D541F4479CF4F4FF897858F568
 |   |- [+] Container:
 |   |   |-        ID: 00000000000000000000000000000000
 |   |   |- Transform: 0.000000,0.000000,0.000000|0.000000,0.000000,-0.000000|1.000000,1.000000,1.000000
[+] Content of Cell MainMenu_MainGrid_-2_1_0_0 (2H9MOXEHITT6VX2OV951N877D)
 |- Actor Count: 1
 |- [+] /Game/UILevelTest/MainMenu.MainMenu:PersistentLevel.LandscapeStreamingProxy_D7T4VF4LBP34PHV9XOEVM5TIG_1_2_5_0
 |   |-         Package: /Game/__ExternalActors__/UILevelTest/MainMenu/4/I8/YDKL6KPVQUETATHFR0DHK0
 |   |-     Editor Only: 0
 |   |-   Instance Guid: 8B5CF4994E38A57EE3F09E9CC3031C40
 |   |- [+] Container:
 |   |   |-        ID: 00000000000000000000000000000000
 |   |   |- Transform: 0.000000,0.000000,0.000000|0.000000,0.000000,-0.000000|1.000000,1.000000,1.000000
[+] Content of Cell MainMenu_MainGrid_3_1_0_0 (3PX0V15815A30HJVK24S5BFFH)
 |- Actor Count: 1
 |- [+] /Game/UILevelTest/MainMenu.MainMenu:PersistentLevel.LandscapeStreamingProxy_D7T4VF4LBP34PHV9XOEVM5TIG_1_7_5_0
 |   |-         Package: /Game/__ExternalActors__/UILevelTest/MainMenu/C/DS/DZ8DLK2CWEJCBFGV5S8MQS
 |   |-     Editor Only: 0
 |   |-   Instance Guid: 6B2CD69845C168094180DCAED51A47E8
 |   |- [+] Container:
 |   |   |-        ID: 00000000000000000000000000000000
 |   |   |- Transform: 0.000000,0.000000,0.000000|0.000000,0.000000,-0.000000|1.000000,1.000000,1.000000
[+] Content of Cell MainMenu_MainGrid_-1_0_0_0 (3QVVSL625MPNIUAG96SAZ1DKU)
 |- Actor Count: 1
 |- [+] /Game/UILevelTest/MainMenu.MainMenu:PersistentLevel.LandscapeStreamingProxy_D7T4VF4LBP34PHV9XOEVM5TIG_1_3_4_0
 |   |-         Package: /Game/__ExternalActors__/UILevelTest/MainMenu/0/0O/P23UMF5K36TFQ4AH72XPUF
 |   |-     Editor Only: 0
 |   |-   Instance Guid: 1B9BD1124D955AF7EA4DF89D281C8286
 |   |- [+] Container:
 |   |   |-        ID: 00000000000000000000000000000000
 |   |   |- Transform: 0.000000,0.000000,0.000000|0.000000,0.000000,-0.000000|1.000000,1.000000,1.000000
[+] Content of Cell MainMenu_MainGrid_-1_2_0_0 (438U996AGIK3DOIJDH6HVYVWV)
 |- Actor Count: 1
 |- [+] /Game/UILevelTest/MainMenu.MainMenu:PersistentLevel.LandscapeStreamingProxy_D7T4VF4LBP34PHV9XOEVM5TIG_1_3_6_0
 |   |-         Package: /Game/__ExternalActors__/UILevelTest/MainMenu/1/UJ/P78VBHGTM9VYTFJ5BHACRJ
 |   |-     Editor Only: 0
 |   |-   Instance Guid: 99716FE040CB84961D90C89247B3689A
 |   |- [+] Container:
 |   |   |-        ID: 00000000000000000000000000000000
 |   |   |- Transform: 0.000000,0.000000,0.000000|0.000000,0.000000,-0.000000|1.000000,1.000000,1.000000
[+] Content of Cell MainMenu_MainGrid_0_2_0_0 (45FJ3A27ZY1RUBYX6ZDLO1QJN)
 |- Actor Count: 1
 |- [+] /Game/UILevelTest/MainMenu.MainMenu:PersistentLevel.LandscapeStreamingProxy_D7T4VF4LBP34PHV9XOEVM5TIG_1_4_6_0
 |   |-         Package: /Game/__ExternalActors__/UILevelTest/MainMenu/5/KF/BB970EQ1IW7CVBJXAI78E0
 |   |-     Editor Only: 0
 |   |-   Instance Guid: 35B25F83487CC913D25588B3B0CD9B0B
 |   |- [+] Container:
 |   |   |-        ID: 00000000000000000000000000000000
 |   |   |- Transform: 0.000000,0.000000,0.000000|0.000000,0.000000,-0.000000|1.000000,1.000000,1.000000
[+] Content of Cell MainMenu_MainGrid_0_1_0_0 (56FMA3648S0W9YUEX16IJ43OU)
 |- Actor Count: 1
 |- [+] /Game/UILevelTest/MainMenu.MainMenu:PersistentLevel.LandscapeStreamingProxy_D7T4VF4LBP34PHV9XOEVM5TIG_1_4_5_0
 |   |-         Package: /Game/__ExternalActors__/UILevelTest/MainMenu/3/6U/R6XKVBF2CJHF6V10AUEZRW
 |   |-     Editor Only: 0
 |   |-   Instance Guid: EECD30584EDD26D76AF35D83D197B195
 |   |- [+] Container:
 |   |   |-        ID: 00000000000000000000000000000000
 |   |   |- Transform: 0.000000,0.000000,0.000000|0.000000,0.000000,-0.000000|1.000000,1.000000,1.000000
[+] Content of Cell MainMenu_MainGrid_-3_0_0_0 (5JMVOX1QFF1S9L6Y3GEQ2A27V)
 |- Actor Count: 1
 |- [+] /Game/UILevelTest/MainMenu.MainMenu:PersistentLevel.LandscapeStreamingProxy_D7T4VF4LBP34PHV9XOEVM5TIG_1_1_4_0
 |   |-         Package: /Game/__ExternalActors__/UILevelTest/MainMenu/E/EX/NRVVSYUAW592ZWF9WVLARB
 |   |-     Editor Only: 0
 |   |-   Instance Guid: 7EE28CBB406188DEF7AC8BACD5082E40
 |   |- [+] Container:
 |   |   |-        ID: 00000000000000000000000000000000
 |   |   |- Transform: 0.000000,0.000000,0.000000|0.000000,0.000000,-0.000000|1.000000,1.000000,1.000000
[+] Content of Cell MainMenu_MainGrid_-2_-1_0_0 (5LVOXILRWHZKBYVP2JO6R9QMN)
 |- Actor Count: 1
 |- [+] /Game/UILevelTest/MainMenu.MainMenu:PersistentLevel.LandscapeStreamingProxy_D7T4VF4LBP34PHV9XOEVM5TIG_1_2_3_0
 |   |-         Package: /Game/__ExternalActors__/UILevelTest/MainMenu/4/8X/D4K0BXB5ODFKMHKV4O6Q6S
 |   |-     Editor Only: 0
 |   |-   Instance Guid: C5E940BD4AEF5E008776F69A766E5B83
 |   |- [+] Container:
 |   |   |-        ID: 00000000000000000000000000000000
 |   |   |- Transform: 0.000000,0.000000,0.000000|0.000000,0.000000,-0.000000|1.000000,1.000000,1.000000
[+] Content of Cell MainMenu_MainGrid_0_0_0_0 (5OXGVMWEQGRVQMLEA4R1VS43B)
 |- Actor Count: 1
 |- [+] /Game/UILevelTest/MainMenu.MainMenu:PersistentLevel.LandscapeStreamingProxy_D7T4VF4LBP34PHV9XOEVM5TIG_1_4_4_0
 |   |-         Package: /Game/__ExternalActors__/UILevelTest/MainMenu/3/W1/T8SH0266E9KC445OS2BO7B
 |   |-     Editor Only: 0
 |   |-   Instance Guid: 9C31F8BC487CF5B8C9AD8ABCFF7D2F1B
 |   |- [+] Container:
 |   |   |-        ID: 00000000000000000000000000000000
 |   |   |- Transform: 0.000000,0.000000,0.000000|0.000000,0.000000,-0.000000|1.000000,1.000000,1.000000
[+] Content of Cell MainMenu_MainGrid_-2_0_0_0 (6T7428ENJQKPQHSVYZE60WMNV)
 |- Actor Count: 1
 |- [+] /Game/UILevelTest/MainMenu.MainMenu:PersistentLevel.LandscapeStreamingProxy_D7T4VF4LBP34PHV9XOEVM5TIG_1_2_4_0
 |   |-         Package: /Game/__ExternalActors__/UILevelTest/MainMenu/0/PE/FR7IXUJI74XJQUWMRLKTTJ
 |   |-     Editor Only: 0
 |   |-   Instance Guid: 1F7F0CA54401E79F711326BFE71441F7
 |   |- [+] Container:
 |   |   |-        ID: 00000000000000000000000000000000
 |   |   |- Transform: 0.000000,0.000000,0.000000|0.000000,0.000000,-0.000000|1.000000,1.000000,1.000000
[+] Content of Cell MainMenu_MainGrid_-4_-3_0_0 (77GWLNQV8AI3AAY159D8TD6QN)
 |- Actor Count: 1
 |- [+] /Game/UILevelTest/MainMenu.MainMenu:PersistentLevel.LandscapeStreamingProxy_D7T4VF4LBP34PHV9XOEVM5TIG_1_0_1_0
 |   |-         Package: /Game/__ExternalActors__/UILevelTest/MainMenu/3/91/CPQA3M0IQHXBRDZ03EVP93
 |   |-     Editor Only: 0
 |   |-   Instance Guid: 247B45E741D0240C4EE9F5996269CF4F
 |   |- [+] Container:
 |   |   |-        ID: 00000000000000000000000000000000
 |   |   |- Transform: 0.000000,0.000000,0.000000|0.000000,0.000000,-0.000000|1.000000,1.000000,1.000000
[+] Content of Cell MainMenu_MainGrid_-3_3_0_0 (7KM65QI7SGHZAS69BHNCE46IE)
 |- Actor Count: 1
 |- [+] /Game/UILevelTest/MainMenu.MainMenu:PersistentLevel.LandscapeStreamingProxy_D7T4VF4LBP34PHV9XOEVM5TIG_1_1_7_0
 |   |-         Package: /Game/__ExternalActors__/UILevelTest/MainMenu/9/1J/8Y42N34TZ9PMH420411FM4
 |   |-     Editor Only: 0
 |   |-   Instance Guid: E0ADE6A14C6DF4B9B16EC29C1535E46F
 |   |- [+] Container:
 |   |   |-        ID: 00000000000000000000000000000000
 |   |   |- Transform: 0.000000,0.000000,0.000000|0.000000,0.000000,-0.000000|1.000000,1.000000,1.000000
[+] Content of Cell MainMenu_MainGrid_3_3_0_0 (7L8UWQNQ15AU28BNK08S4223P)
 |- Actor Count: 1
 |- [+] /Game/UILevelTest/MainMenu.MainMenu:PersistentLevel.LandscapeStreamingProxy_D7T4VF4LBP34PHV9XOEVM5TIG_1_7_7_0
 |   |-         Package: /Game/__ExternalActors__/UILevelTest/MainMenu/1/BK/PMIHI7R0AW7KMWN261FL1Y
 |   |-     Editor Only: 0
 |   |-   Instance Guid: 3D6A83F446063F2E991CA3AB8C06E00C
 |   |- [+] Container:
 |   |   |-        ID: 00000000000000000000000000000000
 |   |   |- Transform: 0.000000,0.000000,0.000000|0.000000,0.000000,-0.000000|1.000000,1.000000,1.000000
[+] Content of Cell MainMenu_MainGrid_-1_1_0_0 (7NFSOUNJDV19D0BKJ939BHJ16)
 |- Actor Count: 1
 |- [+] /Game/UILevelTest/MainMenu.MainMenu:PersistentLevel.LandscapeStreamingProxy_D7T4VF4LBP34PHV9XOEVM5TIG_1_3_5_0
 |   |-         Package: /Game/__ExternalActors__/UILevelTest/MainMenu/1/DE/1I32LPRGHKJNGNV0KMEXQ7
 |   |-     Editor Only: 0
 |   |-   Instance Guid: 0EF4E05E4D969183BEBCD7AD7DD25C67
 |   |- [+] Container:
 |   |   |-        ID: 00000000000000000000000000000000
 |   |   |- Transform: 0.000000,0.000000,0.000000|0.000000,0.000000,-0.000000|1.000000,1.000000,1.000000
[+] Content of Cell MainMenu_MainGrid_-4_3_0_0 (7WFMOPMZB4DD68S7CB9KSQ1H0)
 |- Actor Count: 1
 |- [+] /Game/UILevelTest/MainMenu.MainMenu:PersistentLevel.LandscapeStreamingProxy_D7T4VF4LBP34PHV9XOEVM5TIG_1_0_7_0
 |   |-         Package: /Game/__ExternalActors__/UILevelTest/MainMenu/4/6P/9MVMINUSXI7GPKB184R93D
 |   |-     Editor Only: 0
 |   |-   Instance Guid: 3D538360492BA5FCF40B17A3C89D0CD6
 |   |- [+] Container:
 |   |   |-        ID: 00000000000000000000000000000000
 |   |   |- Transform: 0.000000,0.000000,0.000000|0.000000,0.000000,-0.000000|1.000000,1.000000,1.000000
[+] Content of Cell MainMenu_MainGrid_2_3_0_0 (8M33M8HI5O5M09SRN3KI8I58U)
 |- Actor Count: 1
 |- [+] /Game/UILevelTest/MainMenu.MainMenu:PersistentLevel.LandscapeStreamingProxy_D7T4VF4LBP34PHV9XOEVM5TIG_1_6_7_0
 |   |-         Package: /Game/__ExternalActors__/UILevelTest/MainMenu/5/MP/K4EMF1V64F62VEWBE85G8I
 |   |-     Editor Only: 0
 |   |-   Instance Guid: 77F869EF4CC991DB297690A65C516E9A
 |   |- [+] Container:
 |   |   |-        ID: 00000000000000000000000000000000
 |   |   |- Transform: 0.000000,0.000000,0.000000|0.000000,0.000000,-0.000000|1.000000,1.000000,1.000000
[+] Content of Cell MainMenu_MainGrid_2_2_0_0 (939N4LT97U1GKRJMYX57SKQCG)
 |- Actor Count: 1
 |- [+] /Game/UILevelTest/MainMenu.MainMenu:PersistentLevel.LandscapeStreamingProxy_D7T4VF4LBP34PHV9XOEVM5TIG_1_6_6_0
 |   |-         Package: /Game/__ExternalActors__/UILevelTest/MainMenu/8/80/P6FOSJF21QC2IDR27AR84Q
 |   |-     Editor Only: 0
 |   |-   Instance Guid: A17E474E4D05F960D2E41083F9A21902
 |   |- [+] Container:
 |   |   |-        ID: 00000000000000000000000000000000
 |   |   |- Transform: 0.000000,0.000000,0.000000|0.000000,0.000000,-0.000000|1.000000,1.000000,1.000000
[+] Content of Cell MainMenu_MainGrid_-3_-2_0_0 (9ELM00HQ8YHC4VB1USGD5ZZJ3)
 |- Actor Count: 1
 |- [+] /Game/UILevelTest/MainMenu.MainMenu:PersistentLevel.LandscapeStreamingProxy_D7T4VF4LBP34PHV9XOEVM5TIG_1_1_2_0
 |   |-         Package: /Game/__ExternalActors__/UILevelTest/MainMenu/2/6S/BQMN3TPR7TSJ8F7JWAN50T
 |   |-     Editor Only: 0
 |   |-   Instance Guid: D505776B4CCB23DAEC05E9A80938606A
 |   |- [+] Container:
 |   |   |-        ID: 00000000000000000000000000000000
 |   |   |- Transform: 0.000000,0.000000,0.000000|0.000000,0.000000,-0.000000|1.000000,1.000000,1.000000
[+] Content of Cell MainMenu_MainGrid_-2_3_0_0 (9Z0JYHDJODB2XD45PQJTDHIR0)
 |- Actor Count: 1
 |- [+] /Game/UILevelTest/MainMenu.MainMenu:PersistentLevel.LandscapeStreamingProxy_D7T4VF4LBP34PHV9XOEVM5TIG_1_2_7_0
 |   |-         Package: /Game/__ExternalActors__/UILevelTest/MainMenu/2/ZY/UPRMRDS94DWMJLZ8MOOVGM
 |   |-     Editor Only: 0
 |   |-   Instance Guid: 8412C846451B6964868332A9E1B480FD
 |   |- [+] Container:
 |   |   |-        ID: 00000000000000000000000000000000
 |   |   |- Transform: 0.000000,0.000000,0.000000|0.000000,0.000000,-0.000000|1.000000,1.000000,1.000000
[+] Content of Cell MainMenu_MainGrid_-3_-1_0_0 (AE8QOXDLEZHM197DJ7MF5Q6H4)
 |- Actor Count: 1
 |- [+] /Game/UILevelTest/MainMenu.MainMenu:PersistentLevel.LandscapeStreamingProxy_D7T4VF4LBP34PHV9XOEVM5TIG_1_1_3_0
 |   |-         Package: /Game/__ExternalActors__/UILevelTest/MainMenu/E/OT/P5RR3K8N3AOJ6BZ4FPPJDN
 |   |-     Editor Only: 0
 |   |-   Instance Guid: 0EA9BBF64B76F4F25D74AD8920AA1082
 |   |- [+] Container:
 |   |   |-        ID: 00000000000000000000000000000000
 |   |   |- Transform: 0.000000,0.000000,0.000000|0.000000,0.000000,-0.000000|1.000000,1.000000,1.000000
[+] Content of Cell MainMenu_MainGrid_0_-1_0_0 (AIZQKHZY6S21O0CWMOV9ZH2CG)
 |- Actor Count: 1
 |- [+] /Game/UILevelTest/MainMenu.MainMenu:PersistentLevel.LandscapeStreamingProxy_D7T4VF4LBP34PHV9XOEVM5TIG_1_4_3_0
 |   |-         Package: /Game/__ExternalActors__/UILevelTest/MainMenu/4/HX/XOTTOSUTEC5IJH2HBE4Y4C
 |   |-     Editor Only: 0
 |   |-   Instance Guid: 398AE47444504A3BFB8670ABFADB55EC
 |   |- [+] Container:
 |   |   |-        ID: 00000000000000000000000000000000
 |   |   |- Transform: 0.000000,0.000000,0.000000|0.000000,0.000000,-0.000000|1.000000,1.000000,1.000000
[+] Content of Cell MainMenu_MainGrid_-4_2_0_0 (BNRH3NMJ7FIO9FAPCZ7DOI6AR)
 |- Actor Count: 1
 |- [+] /Game/UILevelTest/MainMenu.MainMenu:PersistentLevel.LandscapeStreamingProxy_D7T4VF4LBP34PHV9XOEVM5TIG_1_0_6_0
 |   |-         Package: /Game/__ExternalActors__/UILevelTest/MainMenu/9/7Q/EKD8YILC20U6Y82KU6C88J
 |   |-     Editor Only: 0
 |   |-   Instance Guid: 977072284EEA1C853EB01AAC3AD9580D
 |   |- [+] Container:
 |   |   |-        ID: 00000000000000000000000000000000
 |   |   |- Transform: 0.000000,0.000000,0.000000|0.000000,0.000000,-0.000000|1.000000,1.000000,1.000000
[+] Content of Cell MainMenu_MainGrid_-1_3_0_0 (BREBAKMFTKX2SRZPVZ8NB2PC2)
 |- Actor Count: 1
 |- [+] /Game/UILevelTest/MainMenu.MainMenu:PersistentLevel.LandscapeStreamingProxy_D7T4VF4LBP34PHV9XOEVM5TIG_1_3_7_0
 |   |-         Package: /Game/__ExternalActors__/UILevelTest/MainMenu/7/38/SLSNW328QLS7I97OF37YGV
 |   |-     Editor Only: 0
 |   |-   Instance Guid: 2B403B844348D87DABBDA88334B3F48A
 |   |- [+] Container:
 |   |   |-        ID: 00000000000000000000000000000000
 |   |   |- Transform: 0.000000,0.000000,0.000000|0.000000,0.000000,-0.000000|1.000000,1.000000,1.000000
[+] Content of Cell MainMenu_MainGrid_-4_-1_0_0 (C9Q0KZXQAIWBPK4O3ME69T94E)
 |- Actor Count: 1
 |- [+] /Game/UILevelTest/MainMenu.MainMenu:PersistentLevel.LandscapeStreamingProxy_D7T4VF4LBP34PHV9XOEVM5TIG_1_0_3_0
 |   |-         Package: /Game/__ExternalActors__/UILevelTest/MainMenu/8/8C/A4G8PKH2I6PB1SNBMXXSPS
 |   |-     Editor Only: 0
 |   |-   Instance Guid: BD576A044EC68FBA90D63C8C636F4D4E
 |   |- [+] Container:
 |   |   |-        ID: 00000000000000000000000000000000
 |   |   |- Transform: 0.000000,0.000000,0.000000|0.000000,0.000000,-0.000000|1.000000,1.000000,1.000000
[+] Content of Cell MainMenu_MainGrid_-1_-1_0_0 (CDC6HU8TE06EUP9SV964VUIPQ)
 |- Actor Count: 1
 |- [+] /Game/UILevelTest/MainMenu.MainMenu:PersistentLevel.LandscapeStreamingProxy_D7T4VF4LBP34PHV9XOEVM5TIG_1_3_3_0
 |   |-         Package: /Game/__ExternalActors__/UILevelTest/MainMenu/4/D3/XZLEM93YNG73ZKEUTD8C2E
 |   |-     Editor Only: 0
 |   |-   Instance Guid: 8799535D4D1F2F538833619E4B98D9E4
 |   |- [+] Container:
 |   |   |-        ID: 00000000000000000000000000000000
 |   |   |- Transform: 0.000000,0.000000,0.000000|0.000000,0.000000,-0.000000|1.000000,1.000000,1.000000
[+] Content of Cell MainMenu_MainGrid_-4_-2_0_0 (CHPKS0H6A6M8ZGZIVS2Z2ISBG)
 |- Actor Count: 1
 |- [+] /Game/UILevelTest/MainMenu.MainMenu:PersistentLevel.LandscapeStreamingProxy_D7T4VF4LBP34PHV9XOEVM5TIG_1_0_2_0
 |   |-         Package: /Game/__ExternalActors__/UILevelTest/MainMenu/8/6U/R289RP59JAY1HS4Q5WG8Z8
 |   |-     Editor Only: 0
 |   |-   Instance Guid: BD1FCF2348F08BE86F374DA4943B7F96
 |   |- [+] Container:
 |   |   |-        ID: 00000000000000000000000000000000
 |   |   |- Transform: 0.000000,0.000000,0.000000|0.000000,0.000000,-0.000000|1.000000,1.000000,1.000000
[+] Content of Cell MainMenu_MainGrid_2_1_0_0 (CUX185SSBAUW8FXT8BFB5GHOO)
 |- Actor Count: 1
 |- [+] /Game/UILevelTest/MainMenu.MainMenu:PersistentLevel.LandscapeStreamingProxy_D7T4VF4LBP34PHV9XOEVM5TIG_1_6_5_0
 |   |-         Package: /Game/__ExternalActors__/UILevelTest/MainMenu/C/BN/3UOROB7V2ID3UXU6CC9UEQ
 |   |-     Editor Only: 0
 |   |-   Instance Guid: 5BAED8C84BD0C0B79E15688D0B14E73E
 |   |- [+] Container:
 |   |   |-        ID: 00000000000000000000000000000000
 |   |   |- Transform: 0.000000,0.000000,0.000000|0.000000,0.000000,-0.000000|1.000000,1.000000,1.000000
[+] Content of Cell MainMenu_MainGrid_0_3_0_0 (CZH8WBK5TB2BEXDSG82QXI51Y)
 |- Actor Count: 1
 |- [+] /Game/UILevelTest/MainMenu.MainMenu:PersistentLevel.LandscapeStreamingProxy_D7T4VF4LBP34PHV9XOEVM5TIG_1_4_7_0
 |   |-         Package: /Game/__ExternalActors__/UILevelTest/MainMenu/6/66/BJDT64945TBJEIJSO20EUV
 |   |-     Editor Only: 0
 |   |-   Instance Guid: 0F80C3FB4460F3748A5662AED1CBD8DC
 |   |- [+] Container:
 |   |   |-        ID: 00000000000000000000000000000000
 |   |   |- Transform: 0.000000,0.000000,0.000000|0.000000,0.000000,-0.000000|1.000000,1.000000,1.000000
[+] Content of Cell MainMenu_MainGrid_-4_0_0_0 (DSKUJN1O5UV6H36M47OFB2EUB)
 |- Actor Count: 1
 |- [+] /Game/UILevelTest/MainMenu.MainMenu:PersistentLevel.LandscapeStreamingProxy_D7T4VF4LBP34PHV9XOEVM5TIG_1_0_4_0
 |   |-         Package: /Game/__ExternalActors__/UILevelTest/MainMenu/0/2M/991PQ62ZNHAIVKWFTJNA6D
 |   |-     Editor Only: 0
 |   |-   Instance Guid: F248A43F490FA96E6D8630B05A811898
 |   |- [+] Container:
 |   |   |-        ID: 00000000000000000000000000000000
 |   |   |- Transform: 0.000000,0.000000,0.000000|0.000000,0.000000,-0.000000|1.000000,1.000000,1.000000
[+] Content of Cell MainMenu_MainGrid_1_3_0_0 (EB3TBVKO82G0O027ZEK9SSYTR)
 |- Actor Count: 1
 |- [+] /Game/UILevelTest/MainMenu.MainMenu:PersistentLevel.LandscapeStreamingProxy_D7T4VF4LBP34PHV9XOEVM5TIG_1_5_7_0
 |   |-         Package: /Game/__ExternalActors__/UILevelTest/MainMenu/4/EW/X8SY0EX42OJB6RXNTSD1NX
 |   |-     Editor Only: 0
 |   |-   Instance Guid: 6D75063B40896E84A88DAD8413267E45
 |   |- [+] Container:
 |   |   |-        ID: 00000000000000000000000000000000
 |   |   |- Transform: 0.000000,0.000000,0.000000|0.000000,0.000000,-0.000000|1.000000,1.000000,1.000000
[+] Content of Cell MainMenu_MainGrid_1_1_0_0 (ET2JBT2A0QEFUL9LYWYDIPXBD)
 |- Actor Count: 1
 |- [+] /Game/UILevelTest/MainMenu.MainMenu:PersistentLevel.LandscapeStreamingProxy_D7T4VF4LBP34PHV9XOEVM5TIG_1_5_5_0
 |   |-         Package: /Game/__ExternalActors__/UILevelTest/MainMenu/9/3M/DR6XA8BFH0LRC9M8ZSPDF3
 |   |-     Editor Only: 0
 |   |-   Instance Guid: 243DD66349BFE0EC256162888F115948
 |   |- [+] Container:
 |   |   |-        ID: 00000000000000000000000000000000
 |   |   |- Transform: 0.000000,0.000000,0.000000|0.000000,0.000000,-0.000000|1.000000,1.000000,1.000000
[+] Content of Cell MainMenu_MainGrid_-2_2_0_0 (EWYMVCUB7LW9DJZDRWK2W1Y1J)
 |- Actor Count: 1
 |- [+] /Game/UILevelTest/MainMenu.MainMenu:PersistentLevel.LandscapeStreamingProxy_D7T4VF4LBP34PHV9XOEVM5TIG_1_2_6_0
 |   |-         Package: /Game/__ExternalActors__/UILevelTest/MainMenu/6/A1/U76OVF30FNRHCU6XUOCU5Z
 |   |-     Editor Only: 0
 |   |-   Instance Guid: 63F070834FE9758B306A0B8801305EA1
 |   |- [+] Container:
 |   |   |-        ID: 00000000000000000000000000000000
 |   |   |- Transform: 0.000000,0.000000,0.000000|0.000000,0.000000,-0.000000|1.000000,1.000000,1.000000
[+] Content of Cell MainMenu_MainGrid_3_2_0_0 (F4YWVKOPN2M0GABFQXA11ZPR8)
 |- Actor Count: 1
 |- [+] /Game/UILevelTest/MainMenu.MainMenu:PersistentLevel.LandscapeStreamingProxy_D7T4VF4LBP34PHV9XOEVM5TIG_1_7_6_0
 |   |-         Package: /Game/__ExternalActors__/UILevelTest/MainMenu/C/IX/5RH7TQJZLEKDBBB38LQA66
 |   |-     Editor Only: 0
 |   |-   Instance Guid: 9A08CAA64E93596D0EAA458234C2F168
 |   |- [+] Container:
 |   |   |-        ID: 00000000000000000000000000000000
 |   |   |- Transform: 0.000000,0.000000,0.000000|0.000000,0.000000,-0.000000|1.000000,1.000000,1.000000

